Component: ARM Compiler 5.06 update 6 (build 750) Tool: armlink [4d35ed]

==============================================================================

Section Cross References

    startup_stm32f407xx.o(RESET) refers to startup_stm32f407xx.o(STACK) for __initial_sp
    startup_stm32f407xx.o(RESET) refers to startup_stm32f407xx.o(.text) for Reset_Handler
    startup_stm32f407xx.o(RESET) refers to stm32f4xx_it.o(i.NMI_Handler) for NMI_Handler
    startup_stm32f407xx.o(RESET) refers to stm32f4xx_it.o(i.HardFault_Handler) for HardFault_Handler
    startup_stm32f407xx.o(RESET) refers to stm32f4xx_it.o(i.MemManage_Handler) for MemManage_Handler
    startup_stm32f407xx.o(RESET) refers to stm32f4xx_it.o(i.BusFault_Handler) for BusFault_Handler
    startup_stm32f407xx.o(RESET) refers to stm32f4xx_it.o(i.UsageFault_Handler) for UsageFault_Handler
    startup_stm32f407xx.o(RESET) refers to stm32f4xx_it.o(i.SVC_Handler) for SVC_Handler
    startup_stm32f407xx.o(RESET) refers to stm32f4xx_it.o(i.DebugMon_Handler) for DebugMon_Handler
    startup_stm32f407xx.o(RESET) refers to stm32f4xx_it.o(i.PendSV_Handler) for PendSV_Handler
    startup_stm32f407xx.o(RESET) refers to stm32f4xx_it.o(i.SysTick_Handler) for SysTick_Handler
    startup_stm32f407xx.o(RESET) refers to stm32f4xx_it.o(i.EXTI2_IRQHandler) for EXTI2_IRQHandler
    startup_stm32f407xx.o(RESET) refers to stm32f4xx_it.o(i.EXTI3_IRQHandler) for EXTI3_IRQHandler
    startup_stm32f407xx.o(RESET) refers to stm32f4xx_it.o(i.EXTI4_IRQHandler) for EXTI4_IRQHandler
    startup_stm32f407xx.o(.text) refers to system_stm32f4xx.o(i.SystemInit) for SystemInit
    startup_stm32f407xx.o(.text) refers to entry.o(.ARM.Collect$$$$00000000) for __main
    ina233.o(i.GetRealCurrent) refers to dflti.o(.text) for __aeabi_i2d
    ina233.o(i.GetRealCurrent) refers to pow.o(i.__hardfp_pow) for __hardfp_pow
    ina233.o(i.GetRealCurrent) refers to dfltui.o(.text) for __aeabi_ui2d
    ina233.o(i.GetRealCurrent) refers to dmul.o(.text) for __aeabi_dmul
    ina233.o(i.GetRealCurrent) refers to dadd.o(.text) for __aeabi_dsub
    ina233.o(i.GetRealCurrent) refers to d2f.o(.text) for __aeabi_d2f
    ina233.o(i.GetRealCurrent) refers to ina233.o(.bss) for .bss
    ina233.o(i.GetRealPower) refers to dflti.o(.text) for __aeabi_i2d
    ina233.o(i.GetRealPower) refers to pow.o(i.__hardfp_pow) for __hardfp_pow
    ina233.o(i.GetRealPower) refers to dfltui.o(.text) for __aeabi_ui2d
    ina233.o(i.GetRealPower) refers to dmul.o(.text) for __aeabi_dmul
    ina233.o(i.GetRealPower) refers to dadd.o(.text) for __aeabi_dsub
    ina233.o(i.GetRealPower) refers to d2f.o(.text) for __aeabi_d2f
    ina233.o(i.GetRealPower) refers to ina233.o(.bss) for .bss
    ina233.o(i.GetRealVoltage) refers to dflti.o(.text) for __aeabi_i2d
    ina233.o(i.GetRealVoltage) refers to pow.o(i.__hardfp_pow) for __hardfp_pow
    ina233.o(i.GetRealVoltage) refers to dfltui.o(.text) for __aeabi_ui2d
    ina233.o(i.GetRealVoltage) refers to dmul.o(.text) for __aeabi_dmul
    ina233.o(i.GetRealVoltage) refers to dadd.o(.text) for __aeabi_dsub
    ina233.o(i.GetRealVoltage) refers to d2f.o(.text) for __aeabi_d2f
    ina233.o(i.GetRealVoltage) refers to ina233.o(.bss) for .bss
    ina233.o(i.GetRealVoltage) refers to ina233.o(.data) for .data
    ina233.o(i.INA233_Init) refers to pow.o(i.__hardfp_pow) for __hardfp_pow
    ina233.o(i.INA233_Init) refers to ddiv.o(.text) for __aeabi_ddiv
    ina233.o(i.INA233_Init) refers to d2f.o(.text) for __aeabi_d2f
    ina233.o(i.INA233_Init) refers to modff.o(i.__hardfp_modff) for __hardfp_modff
    ina233.o(i.INA233_Init) refers to stm32f4xx_hal_i2c.o(i.HAL_I2C_Master_Transmit) for HAL_I2C_Master_Transmit
    ina233.o(i.INA233_Init) refers to ina233.o(.bss) for .bss
    ina233.o(i.INA233_Init) refers to ina233.o(.data) for .data
    ina233.o(i.ReadInCurrent) refers to stm32f4xx_hal_i2c.o(i.HAL_I2C_Master_Transmit) for HAL_I2C_Master_Transmit
    ina233.o(i.ReadInCurrent) refers to stm32f4xx_hal_i2c.o(i.HAL_I2C_Master_Receive) for HAL_I2C_Master_Receive
    ina233.o(i.ReadInCurrent) refers to ina233.o(i.GetRealCurrent) for GetRealCurrent
    ina233.o(i.ReadInCurrent) refers to ina233.o(.data) for .data
    ina233.o(i.ReadInPower) refers to stm32f4xx_hal_i2c.o(i.HAL_I2C_Master_Transmit) for HAL_I2C_Master_Transmit
    ina233.o(i.ReadInPower) refers to stm32f4xx_hal_i2c.o(i.HAL_I2C_Master_Receive) for HAL_I2C_Master_Receive
    ina233.o(i.ReadInPower) refers to ina233.o(i.GetRealPower) for GetRealPower
    ina233.o(i.ReadInPower) refers to ina233.o(.data) for .data
    ina233.o(i.ReadInVoltage) refers to stm32f4xx_hal_i2c.o(i.HAL_I2C_Master_Transmit) for HAL_I2C_Master_Transmit
    ina233.o(i.ReadInVoltage) refers to stm32f4xx_hal_i2c.o(i.HAL_I2C_Master_Receive) for HAL_I2C_Master_Receive
    ina233.o(i.ReadInVoltage) refers to ina233.o(i.GetRealVoltage) for GetRealVoltage
    ina233.o(i.ReadInVoltage) refers to ina233.o(.data) for .data
[...]
    ../Drivers/STM32F4xx_HAL_Driver/Src/stm32f4xx_hal_flash_ex.c 0x00000000   Number         0  stm32f4xx_hal_flash_ex.o ABSOLUTE
    ../Drivers/STM32F4xx_HAL_Driver/Src/stm32f4xx_hal_flash_ramfunc.c 0x00000000   Number         0  stm32f4xx_hal_flash_ramfunc.o ABSOLUTE
    ../Drivers/STM32F4xx_HAL_Driver/Src/stm32f4xx_hal_gpio.c 0x00000000   Number         0  stm32f4xx_hal_gpio.o ABSOLUTE
    ../Drivers/STM32F4xx_HAL_Driver/Src/stm32f4xx_hal_i2c.c 0x00000000   Number         0  stm32f4xx_hal_i2c.o ABSOLUTE
    ../Drivers/STM32F4xx_HAL_Driver/Src/stm32f4xx_hal_i2c_ex.c 0x00000000   Number         0  stm32f4xx_hal_i2c_ex.o ABSOLUTE
    ../Drivers/STM32F4xx_HAL_Driver/Src/stm32f4xx_hal_pwr.c 0x00000000   Number         0  stm32f4xx_hal_pwr.o ABSOLUTE
    ../Drivers/STM32F4xx_HAL_Driver/Src/stm32f4xx_hal_pwr_ex.c 0x00000000   Number         0  stm32f4xx_hal_pwr_ex.o ABSOLUTE
    ../Drivers/STM32F4xx_HAL_Driver/Src/stm32f4xx_hal_rcc.c 0x00000000   Number         0  stm32f4xx_hal_rcc.o ABSOLUTE
    ../Drivers/STM32F4xx_HAL_Driver/Src/stm32f4xx_hal_rcc_ex.c 0x00000000   Number         0  stm32f4xx_hal_rcc_ex.o ABSOLUTE
    ../Drivers/STM32F4xx_HAL_Driver/Src/stm32f4xx_hal_spi.c 0x00000000   Number         0  stm32f4xx_hal_spi.o ABSOLUTE
    ../Drivers/STM32F4xx_HAL_Driver/Src/stm32f4xx_hal_tim.c 0x00000000   Number         0  stm32f4xx_hal_tim.o ABSOLUTE
    ../Drivers/STM32F4xx_HAL_Driver/Src/stm32f4xx_hal_tim_ex.c 0x00000000   Number         0  stm32f4xx_hal_tim_ex.o ABSOLUTE
    ../Drivers/STM32F4xx_HAL_Driver/Src/stm32f4xx_hal_uart.c 0x00000000   Number         0  stm32f4xx_hal_uart.o ABSOLUTE
    ../Src/main.c                            0x00000000   Number         0  main.o ABSOLUTE
    ../Src/stm32f4xx_hal_msp.c               0x00000000   Number         0  stm32f4xx_hal_msp.o ABSOLUTE
    ../Src/stm32f4xx_it.c                    0x00000000   Number         0  stm32f4xx_it.o ABSOLUTE
    ../Src/system_stm32f4xx.c                0x00000000   Number         0  system_stm32f4xx.o ABSOLUTE
    ../clib/microlib/division.c              0x00000000   Number         0  uidiv.o ABSOLUTE
    ../clib/microlib/division.c              0x00000000   Number         0  uldiv.o ABSOLUTE
    ../clib/microlib/errno.c                 0x00000000   Number         0  errno.o ABSOLUTE
    ../clib/microlib/init/entry.s            0x00000000   Number         0  entry7a.o ABSOLUTE
    ../clib/microlib/init/entry.s            0x00000000   Number         0  entry7b.o ABSOLUTE
    ../clib/microlib/init/entry.s            0x00000000   Number         0  entry8a.o ABSOLUTE
    ../clib/microlib/init/entry.s            0x00000000   Number         0  entry5.o ABSOLUTE
    ../clib/microlib/init/entry.s            0x00000000   Number         0  entry8b.o ABSOLUTE
    ../clib/microlib/init/entry.s            0x00000000   Number         0  entry10a.o ABSOLUTE
    ../clib/microlib/init/entry.s            0x00000000   Number         0  entry2.o ABSOLUTE
    ../clib/microlib/init/entry.s            0x00000000   Number         0  entry9a.o ABSOLUTE
    ../clib/microlib/init/entry.s            0x00000000   Number         0  entry9b.o ABSOLUTE
    ../clib/microlib/init/entry.s            0x00000000   Number         0  entry11a.o ABSOLUTE
    ../clib/microlib/init/entry.s            0x00000000   Number         0  entry11b.o ABSOLUTE
    ../clib/microlib/init/entry.s            0x00000000   Number         0  entry10b.o ABSOLUTE
    ../clib/microlib/init/entry.s            0x00000000   Number         0  entry.o ABSOLUTE
    ../clib/microlib/longlong.c              0x00000000   Number         0  llshl.o ABSOLUTE
    ../clib/microlib/longlong.c              0x00000000   Number         0  llushr.o ABSOLUTE
    ../clib/microlib/longlong.c              0x00000000   Number         0  llsshr.o ABSOLUTE
    ../clib/microlib/printf/printf.c         0x00000000   Number         0  printf3.o ABSOLUTE
    ../clib/microlib/printf/printf.c         0x00000000   Number         0  printf4.o ABSOLUTE
    ../clib/microlib/printf/printf.c         0x00000000   Number         0  printf5.o ABSOLUTE
    ../clib/microlib/printf/printf.c         0x00000000   Number         0  printf6.o ABSOLUTE
    ../clib/microlib/printf/printf.c         0x00000000   Number         0  printf7.o ABSOLUTE
    ../clib/microlib/printf/printf.c         0x00000000   Number         0  printf8.o ABSOLUTE
    ../clib/microlib/printf/printf.c         0x00000000   Number         0  printf0.o ABSOLUTE
    ../clib/microlib/printf/printf.c         0x00000000   Number         0  printfa.o ABSOLUTE
    ../clib/microlib/printf/printf.c         0x00000000   Number         0  printfb.o ABSOLUTE
    ../clib/microlib/printf/printf.c         0x00000000   Number         0  printf1.o ABSOLUTE
    ../clib/microlib/printf/printf.c         0x00000000   Number         0  printf2.o ABSOLUTE
    ../clib/microlib/printf/stubs.s          0x00000000   Number         0  stubs.o ABSOLUTE
    ../clib/microlib/stdio/fputc.c           0x00000000   Number         0  fputc.o ABSOLUTE
    ../clib/microlib/stdio/semi.s            0x00000000   Number         0  semi.o ABSOLUTE
    ../clib/microlib/stdio/streams.c         0x00000000   Number         0  stdout.o ABSOLUTE
    ../clib/microlib/string/memcpy.c         0x00000000   Number         0  memcpya.o ABSOLUTE
    ../clib/microlib/string/memcpy.c         0x00000000   Number         0  memcpyb.o ABSOLUTE
    ../clib/microlib/string/memset.c         0x00000000   Number         0  memseta.o ABSOLUTE
    ../clib/microlib/string/strlen.c         0x00000000   Number         0  strlen.o ABSOLUTE
    ../clib/microlib/stubs.s                 0x00000000   Number         0  iusefp.o ABSOLUTE
    ../clib/microlib/stubs.s                 0x00000000   Number         0  iusesemip.o ABSOLUTE
    ../fplib/microlib/d2f.c                  0x00000000   Number         0  d2f.o ABSOLUTE
    ../fplib/microlib/f2d.c                  0x00000000   Number         0  f2d.o ABSOLUTE
    ../fplib/microlib/fpadd.c                0x00000000   Number         0  dadd.o ABSOLUTE
    ../fplib/microlib/fpdiv.c                0x00000000   Number         0  ddiv.o ABSOLUTE
    ../fplib/microlib/fpepilogue.c           0x00000000   Number         0  fepilogue.o ABSOLUTE
    ../fplib/microlib/fpepilogue.c           0x00000000   Number         0  depilogue.o ABSOLUTE
    ../fplib/microlib/fpfix.c                0x00000000   Number         0  dfixul.o ABSOLUTE
    ../fplib/microlib/fpflt.c                0x00000000   Number         0  dflti.o ABSOLUTE
    ../fplib/microlib/fpflt.c                0x00000000   Number         0  dfltui.o ABSOLUTE
    ../fplib/microlib/fpmul.c                0x00000000   Number         0  dmul.o ABSOLUTE
    ../fplib/microlib/fpneg.c                0x00000000   Number         0  dneg.o ABSOLUTE
    ../fplib/microlib/fpscalb.c              0x00000000   Number         0  dscalb.o ABSOLUTE
    ../fplib/microlib/fpsqrt.c               0x00000000   Number         0  dsqrt.o ABSOLUTE
    ../mathlib/dunder.c                      0x00000000   Number         0  dunder.o ABSOLUTE
    ../mathlib/fabs.c                        0x00000000   Number         0  fabs.o ABSOLUTE
    ../mathlib/fpclassify.c                  0x00000000   Number         0  fpclassify.o ABSOLUTE
    ../mathlib/modff.c                       0x00000000   Number         0  modff.o ABSOLUTE
    ../mathlib/poly.c                        0x00000000   Number         0  poly.o ABSOLUTE
    ../mathlib/pow.c                         0x00000000   Number         0  pow_x.o ABSOLUTE
    ../mathlib/pow.c                         0x00000000   Number         0  pow.o ABSOLUTE
    ../mathlib/qnan.c                        0x00000000   Number         0  qnan.o ABSOLUTE
    ../mathlib/sqrt.c                        0x00000000   Number         0  sqrt_x.o ABSOLUTE
    ../mathlib/sqrt.c                        0x00000000   Number         0  sqrt.o ABSOLUTE
    ../mathlib/wrappers.c                    0x00000000   Number         0  powl.o ABSOLUTE
    ..\..\Display_LCD.c                      0x00000000   Number         0  display_lcd.o ABSOLUTE
    ..\..\GPIO_SPI.c                         0x00000000   Number         0  gpio_spi.o ABSOLUTE
    ..\Drivers\STM32F4xx_HAL_Driver\Src\stm32f4xx_hal.c 0x00000000   Number         0  stm32f4xx_hal.o ABSOLUTE
    ..\Drivers\STM32F4xx_HAL_Driver\Src\stm32f4xx_hal_adc.c 0x00000000   Number         0  stm32f4xx_hal_adc.o ABSOLUTE
    ..\Drivers\STM32F4xx_HAL_Driver\Src\stm32f4xx_hal_adc_ex.c 0x00000000   Number         0  stm32f4xx_hal_adc_ex.o ABSOLUTE
    ..\Drivers\STM32F4xx_HAL_Driver\Src\stm32f4xx_hal_cortex.c 0x00000000   Number         0  stm32f4xx_hal_cortex.o ABSOLUTE
    ..\Drivers\STM32F4xx_HAL_Driver\Src\stm32f4xx_hal_dma.c 0x00000000   Number         0  stm32f4xx_hal_dma.o ABSOLUTE
    ..\Drivers\STM32F4xx_HAL_Driver\Src\stm32f4xx_hal_dma_ex.c 0x00000000   Number         0  stm32f4xx_hal_dma_ex.o ABSOLUTE
    ..\Drivers\STM32F4xx_HAL_Driver\Src\stm32f4xx_hal_exti.c 0x00000000   Number         0  stm32f4xx_hal_exti.o ABSOLUTE
    ..\Drivers\STM32F4xx_HAL_Driver\Src\stm32f4xx_hal_flash.c 0x00000000   Number         0  stm32f4xx_hal_flash.o ABSOLUTE
    ..\Drivers\STM32F4xx_HAL_Driver\Src\stm32f4xx_hal_flash_ex.c 0x00000000   Number         0  stm32f4xx_hal_flash_ex.o ABSOLUTE
    ..\Drivers\STM32F4xx_HAL_Driver\Src\stm32f4xx_hal_flash_ramfunc.c 0x00000000   Number         0  stm32f4xx_hal_flash_ramfunc.o ABSOLUTE
    ..\Drivers\STM32F4xx_HAL_Driver\Src\stm32f4xx_hal_gpio.c 0x00000000   Number         0  stm32f4xx_hal_gpio.o ABSOLUTE
    ..\Drivers\STM32F4xx_HAL_Driver\Src\stm32f4xx_hal_i2c.c 0x00000000   Number         0  stm32f4xx_hal_i2c.o ABSOLUTE
    ..\Drivers\STM32F4xx_HAL_Driver\Src\stm32f4xx_hal_i2c_ex.c 0x00000000   Number         0  stm32f4xx_hal_i2c_ex.o ABSOLUTE
    ..\Drivers\STM32F4xx_HAL_Driver\Src\stm32f4xx_hal_pwr.c 0x00000000   Number         0  stm32f4xx_hal_pwr.o ABSOLUTE
    ..\Drivers\STM32F4xx_HAL_Driver\Src\stm32f4xx_hal_pwr_ex.c 0x00000000   Number         0  stm32f4xx_hal_pwr_ex.o ABSOLUTE
    ..\Drivers\STM32F4xx_HAL_Driver\Src\stm32f4xx_hal_rcc.c 0x00000000   Number         0  stm32f4xx_hal_rcc.o ABSOLUTE
    ..\Drivers\STM32F4xx_HAL_Driver\Src\stm32f4xx_hal_rcc_ex.c 0x00000000   Number         0  stm32f4xx_hal_rcc_ex.o ABSOLUTE
    ..\Drivers\STM32F4xx_HAL_Driver\Src\stm32f4xx_hal_spi.c 0x00000000   Number         0  stm32f4xx_hal_spi.o ABSOLUTE
    ..\Drivers\STM32F4xx_HAL_Driver\Src\stm32f4xx_hal_tim.c 0x00000000   Number         0  stm32f4xx_hal_tim.o ABSOLUTE
    ..\Drivers\STM32F4xx_HAL_Driver\Src\stm32f4xx_hal_tim_ex.c 0x00000000   Number         0  stm32f4xx_hal_tim_ex.o ABSOLUTE
    ..\Drivers\STM32F4xx_HAL_Driver\Src\stm32f4xx_hal_uart.c 0x00000000   Number         0  stm32f4xx_hal_uart.o ABSOLUTE
    ..\Src\INA233.c                          0x00000000   Number         0  ina233.o ABSOLUTE
    ..\Src\main.c                            0x00000000   Number         0  main.o ABSOLUTE
    ..\Src\setting.c                         0x00000000   Number         0  setting.o ABSOLUTE
    ..\Src\stm32f4xx_hal_msp.c               0x00000000   Number         0  stm32f4xx_hal_msp.o ABSOLUTE
    ..\Src\stm32f4xx_it.c                    0x00000000   Number         0  stm32f4xx_it.o ABSOLUTE
    ..\Src\system_stm32f4xx.c                0x00000000   Number         0  system_stm32f4xx.o ABSOLUTE
    ..\\..\\Display_LCD.c                    0x00000000   Number         0  display_lcd.o ABSOLUTE
    ..\\..\\GPIO_SPI.c                       0x00000000   Number         0  gpio_spi.o ABSOLUTE
    ..\\Src\\INA233.c                        0x00000000   Number         0  ina233.o ABSOLUTE
    ..\\Src\\setting.c                       0x00000000   Number         0  setting.o ABSOLUTE
    cdcmple.s                                0x00000000   Number         0  cdcmple.o ABSOLUTE
    cdrcmple.s                               0x00000000   Number         0  cdrcmple.o ABSOLUTE
    dc.s                                     0x00000000   Number         0  dc.o ABSOLUTE
    handlers.s                               0x00000000   Number         0  handlers.o ABSOLUTE
    init.s                                   0x00000000   Number         0  init.o ABSOLUTE
    startup_stm32f407xx.s                    0x00000000   Number         0  startup_stm32f407xx.o ABSOLUTE
    RESET                                    0x08000000   Section      392  startup_stm32f407xx.o(RESET)
    .ARM.Collect$$$$00000000                 0x08000188   Section        0  entry.o(.ARM.Collect$$$$00000000)
    .ARM.Collect$$$$00000001                 0x08000188   Section        4  entry2.o(.ARM.Collect$$$$00000001)
    .ARM.Collect$$$$00000004                 0x0800018c   Section        4  entry5.o(.ARM.Collect$$$$00000004)
    .ARM.Collect$$$$00000008                 0x08000190   Section        0  entry7b.o(.ARM.Collect$$$$00000008)
    .ARM.Collect$$$$0000000A                 0x08000190   Section        0  entry8b.o(.ARM.Collect$$$$0000000A)
    .ARM.Collect$$$$0000000B                 0x08000190   Section        8  entry9a.o(.ARM.Collect$$$$0000000B)
    .ARM.Collect$$$$0000000D                 0x08000198   Section        0  entry10a.o(.ARM.Collect$$$$0000000D)
    .ARM.Collect$$$$0000000F                 0x08000198   Section        0  entry11a.o(.ARM.Collect$$$$0000000F)
    .ARM.Collect$$$$00002712                 0x08000198   Section        4  entry2.o(.ARM.Collect$$$$00002712)
    __lit__00000000                          0x08000198   Data           4  entry2.o(.ARM.Collect$$$$00002712)
    .text                                    0x0800019c   Section       36  startup_stm32f407xx.o(.text)
    $v0                                      0x0800019c   Number         0  startup_stm32f407xx.o(.text)
    .text                                    0x080001c0   Section        0  uldiv.o(.text)
    .text                                    0x08000222   Section        0  memcpya.o(.text)
    .text                                    0x08000246   Section        0  memseta.o(.text)
    .text                                    0x0800026a   Section        0  strlen.o(.text)
    .text                                    0x08000278   Section        0  dadd.o(.text)
    .text                                    0x080003c6   Section        0  dmul.o(.text)
    .text                                    0x080004aa   Section        0  ddiv.o(.text)
    .text                                    0x08000588   Section        0  dflti.o(.text)
    .text                                    0x080005aa   Section        0  f2d.o(.text)
    .text                                    0x080005d0   Section        0  d2f.o(.text)
    .text                                    0x08000608   Section        0  uidiv.o(.text)
    .text                                    0x08000634   Section        0  llshl.o(.text)
    .text                                    0x08000652   Section        0  llushr.o(.text)
    .text                                    0x08000672   Section        0  llsshr.o(.text)
    .text                                    0x08000696   Section        0  fepilogue.o(.text)
    .text                                    0x08000696   Section        0  iusefp.o(.text)
    .text                                    0x08000704   Section        0  depilogue.o(.text)
    .text                                    0x080007be   Section        0  dscalb.o(.text)
    .text                                    0x080007ec   Section        0  dfixul.o(.text)
    .text                                    0x0800081c   Section       48  cdrcmple.o(.text)
    .text                                    0x0800084c   Section       36  init.o(.text)
    .text                                    0x08000870   Section        0  dsqrt.o(.text)
    i.ADC_Init                               0x08000914   Section        0  stm32f4xx_hal_adc.o(i.ADC_Init)
    ADC_Init                                 0x08000915   Thumb Code   284  stm32f4xx_hal_adc.o(i.ADC_Init)
    i.BusFault_Handler                       0x08000a3c   Section        0  stm32f4xx_it.o(i.BusFault_Handler)
    i.BuzzerOn                               0x08000a40   Section        0  main.o(i.BuzzerOn)
    BuzzerOn                                 0x08000a41   Thumb Code    18  main.o(i.BuzzerOn)
    i.CalibAllChannels                       0x08000a58   Section        0  main.o(i.CalibAllChannels)
    i.ConfigDisplayPort                      0x08000b44   Section        0  display_lcd.o(i.ConfigDisplayPort)
    i.ConfigPort                             0x08000b68   Section        0  gpio_spi.o(i.ConfigPort)
    i.DebugMon_Handler                       0x08000b80   Section        0  stm32f4xx_it.o(i.DebugMon_Handler)
    i.Delay                                  0x08000b82   Section        0  gpio_spi.o(i.Delay)
    i.EXTI2_IRQHandler                       0x08000b86   Section        0  stm32f4xx_it.o(i.EXTI2_IRQHandler)
    i.EXTI3_IRQHandler                       0x08000b8c   Section        0  stm32f4xx_it.o(i.EXTI3_IRQHandler)
    i.EXTI4_IRQHandler                       0x08000b92   Section        0  stm32f4xx_it.o(i.EXTI4_IRQHandler)
    i.HAL_ADC_ConfigChannel                  0x08000b98   Section        0  stm32f4xx_hal_adc.o(i.HAL_ADC_ConfigChannel)
    i.HAL_ADC_Init                           0x08000ce4   Section        0  stm32f4xx_hal_adc.o(i.HAL_ADC_Init)
    i.HAL_ADC_MspInit                        0x08000d38   Section        0  stm32f4xx_hal_msp.o(i.HAL_ADC_MspInit)
    i.HAL_Delay                              0x08000df4   Section        0  stm32f4xx_hal.o(i.HAL_Delay)
    i.HAL_GPIO_EXTI_Callback                 0x08000e18   Section        0  main.o(i.HAL_GPIO_EXTI_Callback)
    i.HAL_GPIO_EXTI_IRQHandler               0x08000e84   Section        0  stm32f4xx_hal_gpio.o(i.HAL_GPIO_EXTI_IRQHandler)
    i.HAL_GPIO_Init                          0x08000e9c   Section        0  stm32f4xx_hal_gpio.o(i.HAL_GPIO_Init)
    i.HAL_GPIO_ReadPin                       0x08001054   Section        0  stm32f4xx_hal_gpio.o(i.HAL_GPIO_ReadPin)
    i.HAL_GPIO_WritePin                      0x0800105e   Section        0  stm32f4xx_hal_gpio.o(i.HAL_GPIO_WritePin)
    i.HAL_GetTick                            0x08001068   Section        0  stm32f4xx_hal.o(i.HAL_GetTick)
    i.HAL_I2C_Init                           0x08001074   Section        0  stm32f4xx_hal_i2c.o(i.HAL_I2C_Init)
    i.HAL_I2C_Master_Receive                 0x080011fc   Section        0  stm32f4xx_hal_i2c.o(i.HAL_I2C_Master_Receive)
    i.HAL_I2C_Master_Transmit                0x080013dc   Section        0  stm32f4xx_hal_i2c.o(i.HAL_I2C_Master_Transmit)
    i.HAL_I2C_MspInit                        0x08001508   Section        0  stm32f4xx_hal_msp.o(i.HAL_I2C_MspInit)
    i.HAL_IncTick                            0x08001570   Section        0  stm32f4xx_hal.o(i.HAL_IncTick)
    i.HAL_Init                               0x08001580   Section        0  stm32f4xx_hal.o(i.HAL_Init)
    i.HAL_InitTick                           0x080015b4   Section        0  stm32f4xx_hal.o(i.HAL_InitTick)
    i.HAL_MspInit                            0x080015f4   Section        0  stm32f4xx_hal_msp.o(i.HAL_MspInit)
    i.HAL_NVIC_EnableIRQ                     0x08001624   Section        0  stm32f4xx_hal_cortex.o(i.HAL_NVIC_EnableIRQ)
    i.HAL_NVIC_SetPriority                   0x08001640   Section        0  stm32f4xx_hal_cortex.o(i.HAL_NVIC_SetPriority)
    i.HAL_NVIC_SetPriorityGrouping           0x08001680   Section        0  stm32f4xx_hal_cortex.o(i.HAL_NVIC_SetPriorityGrouping)
    i.HAL_RCC_ClockConfig                    0x080016a4   Section        0  stm32f4xx_hal_rcc.o(i.HAL_RCC_ClockConfig)
    i.HAL_RCC_GetPCLK1Freq                   0x080017d8   Section        0  stm32f4xx_hal_rcc.o(i.HAL_RCC_GetPCLK1Freq)
    i.HAL_RCC_GetPCLK2Freq                   0x080017f8   Section        0  stm32f4xx_hal_rcc.o(i.HAL_RCC_GetPCLK2Freq)
    i.HAL_RCC_GetSysClockFreq                0x08001818   Section        0  stm32f4xx_hal_rcc.o(i.HAL_RCC_GetSysClockFreq)
    i.HAL_RCC_OscConfig                      0x08001864   Section        0  stm32f4xx_hal_rcc.o(i.HAL_RCC_OscConfig)
    i.HAL_SPI_Init                           0x08001bc0   Section        0  stm32f4xx_hal_spi.o(i.HAL_SPI_Init)
    i.HAL_SPI_MspInit                        0x08001c40   Section        0  stm32f4xx_hal_msp.o(i.HAL_SPI_MspInit)
    i.HAL_SYSTICK_Config                     0x08001cd4   Section        0  stm32f4xx_hal_cortex.o(i.HAL_SYSTICK_Config)
    i.HAL_TIMEx_ConfigBreakDeadTime          0x08001cfc   Section        0  stm32f4xx_hal_tim_ex.o(i.HAL_TIMEx_ConfigBreakDeadTime)
    i.HAL_TIMEx_MasterConfigSynchronization  0x08001d50   Section        0  stm32f4xx_hal_tim_ex.o(i.HAL_TIMEx_MasterConfigSynchronization)
    i.HAL_TIM_MspPostInit                    0x08001de0   Section        0  stm32f4xx_hal_msp.o(i.HAL_TIM_MspPostInit)
    i.HAL_TIM_PWM_ConfigChannel              0x08001f18   Section        0  stm32f4xx_hal_tim.o(i.HAL_TIM_PWM_ConfigChannel)
    i.HAL_TIM_PWM_Init                       0x08001fe8   Section        0  stm32f4xx_hal_tim.o(i.HAL_TIM_PWM_Init)
    i.HAL_TIM_PWM_MspInit                    0x08002020   Section        0  stm32f4xx_hal_msp.o(i.HAL_TIM_PWM_MspInit)
    i.HAL_TIM_PWM_Start                      0x080020a8   Section        0  stm32f4xx_hal_tim.o(i.HAL_TIM_PWM_Start)
    i.HAL_TIM_PWM_Stop                       0x080020ec   Section        0  stm32f4xx_hal_tim.o(i.HAL_TIM_PWM_Stop)
    i.HAL_UART_Init                          0x08002148   Section        0  stm32f4xx_hal_uart.o(i.HAL_UART_Init)
    i.HAL_UART_MspInit                       0x080021ac   Section        0  stm32f4xx_hal_msp.o(i.HAL_UART_MspInit)
    i.HardFault_Handler                      0x080022b4   Section        0  stm32f4xx_it.o(i.HardFault_Handler)
    i.I2C_IsAcknowledgeFailed                0x080022b6   Section        0  stm32f4xx_hal_i2c.o(i.I2C_IsAcknowledgeFailed)
    I2C_IsAcknowledgeFailed                  0x080022b7   Thumb Code    46  stm32f4xx_hal_i2c.o(i.I2C_IsAcknowledgeFailed)
    i.I2C_MasterRequestRead                  0x080022e4   Section        0  stm32f4xx_hal_i2c.o(i.I2C_MasterRequestRead)
    I2C_MasterRequestRead                    0x080022e5   Thumb Code   230  stm32f4xx_hal_i2c.o(i.I2C_MasterRequestRead)
    i.I2C_MasterRequestWrite                 0x080023d0   Section        0  stm32f4xx_hal_i2c.o(i.I2C_MasterRequestWrite)
    I2C_MasterRequestWrite                   0x080023d1   Thumb Code   150  stm32f4xx_hal_i2c.o(i.I2C_MasterRequestWrite)
    i.I2C_WaitOnBTFFlagUntilTimeout          0x0800246c   Section        0  stm32f4xx_hal_i2c.o(i.I2C_WaitOnBTFFlagUntilTimeout)
    I2C_WaitOnBTFFlagUntilTimeout            0x0800246d   Thumb Code    76  stm32f4xx_hal_i2c.o(i.I2C_WaitOnBTFFlagUntilTimeout)
    i.I2C_WaitOnFlagUntilTimeout             0x080024b8   Section        0  stm32f4xx_hal_i2c.o(i.I2C_WaitOnFlagUntilTimeout)
    I2C_WaitOnFlagUntilTimeout               0x080024b9   Thumb Code   104  stm32f4xx_hal_i2c.o(i.I2C_WaitOnFlagUntilTimeout)
    i.I2C_WaitOnMasterAddressFlagUntilTimeout 0x08002520   Section        0  stm32f4xx_hal_i2c.o(i.I2C_WaitOnMasterAddressFlagUntilTimeout)
    I2C_WaitOnMasterAddressFlagUntilTimeout  0x08002521   Thumb Code   150  stm32f4xx_hal_i2c.o(i.I2C_WaitOnMasterAddressFlagUntilTimeout)
    i.I2C_WaitOnRXNEFlagUntilTimeout         0x080025b6   Section        0  stm32f4xx_hal_i2c.o(i.I2C_WaitOnRXNEFlagUntilTimeout)
    I2C_WaitOnRXNEFlagUntilTimeout           0x080025b7   Thumb Code   102  stm32f4xx_hal_i2c.o(i.I2C_WaitOnRXNEFlagUntilTimeout)
    i.I2C_WaitOnTXEFlagUntilTimeout          0x0800261c   Section        0  stm32f4xx_hal_i2c.o(i.I2C_WaitOnTXEFlagUntilTimeout)
    I2C_WaitOnTXEFlagUntilTimeout            0x0800261d   Thumb Code    76  stm32f4xx_hal_i2c.o(i.I2C_WaitOnTXEFlagUntilTimeout)
    i.Init_LCD                               0x08002668   Section        0  display_lcd.o(i.Init_LCD)
    i.MX_ADC1_Init                           0x080026c0   Section        0  main.o(i.MX_ADC1_Init)
    MX_ADC1_Init                             0x080026c1   Thumb Code    72  main.o(i.MX_ADC1_Init)
    i.MX_ADC2_Init                           0x08002714   Section        0  main.o(i.MX_ADC2_Init)
    MX_ADC2_Init                             0x08002715   Thumb Code    72  main.o(i.MX_ADC2_Init)
    i.MX_ADC3_Init                           0x08002768   Section        0  main.o(i.MX_ADC3_Init)
    MX_ADC3_Init                             0x08002769   Thumb Code    74  main.o(i.MX_ADC3_Init)
    i.MX_GPIO_Init                           0x080027c0   Section        0  main.o(i.MX_GPIO_Init)
    MX_GPIO_Init                             0x080027c1   Thumb Code   338  main.o(i.MX_GPIO_Init)
    i.MX_SPI3_Init                           0x0800292c   Section        0  main.o(i.MX_SPI3_Init)
    MX_SPI3_Init                             0x0800292d   Thumb Code    44  main.o(i.MX_SPI3_Init)
    i.MX_TIM1_Init                           0x08002960   Section        0  main.o(i.MX_TIM1_Init)
    MX_TIM1_Init                             0x08002961   Thumb Code   168  main.o(i.MX_TIM1_Init)
    i.MX_TIM2_Init                           0x08002a10   Section        0  main.o(i.MX_TIM2_Init)
    MX_TIM2_Init                             0x08002a11   Thumb Code    98  main.o(i.MX_TIM2_Init)
    i.MX_TIM3_Init                           0x08002a78   Section        0  main.o(i.MX_TIM3_Init)
    MX_TIM3_Init                             0x08002a79   Thumb Code   128  main.o(i.MX_TIM3_Init)
    i.MX_TIM4_Init                           0x08002b00   Section        0  main.o(i.MX_TIM4_Init)
    MX_TIM4_Init                             0x08002b01   Thumb Code   128  main.o(i.MX_TIM4_Init)
    i.MX_TIM8_Init                           0x08002b88   Section        0  main.o(i.MX_TIM8_Init)
    MX_TIM8_Init                             0x08002b89   Thumb Code   168  main.o(i.MX_TIM8_Init)
    i.MemManage_Handler                      0x08002c38   Section        0  stm32f4xx_it.o(i.MemManage_Handler)
    i.NMI_Handler                            0x08002c3a   Section        0  stm32f4xx_it.o(i.NMI_Handler)
    i.PendSV_Handler                         0x08002c3c   Section        0  stm32f4xx_it.o(i.PendSV_Handler)
    i.SPI_Write_Byte                         0x08002c40   Section        0  gpio_spi.o(i.SPI_Write_Byte)
    i.SPI_Write_Cmd                          0x08002c70   Section        0  gpio_spi.o(i.SPI_Write_Cmd)
    i.SPI_Write_Data                         0x08002c9c   Section        0  gpio_spi.o(i.SPI_Write_Data)
    i.SVC_Handler                            0x08002cc8   Section        0  stm32f4xx_it.o(i.SVC_Handler)
    i.Set_MOSI                               0x08002ccc   Section        0  gpio_spi.o(i.Set_MOSI)
    i.Set_Rst                                0x08002cdc   Section        0  gpio_spi.o(i.Set_Rst)
    i.Set_SCLK                               0x08002cec   Section        0  gpio_spi.o(i.Set_SCLK)
    i.Set_SCS                                0x08002cfc   Section        0  gpio_spi.o(i.Set_SCS)
    i.StartAllChannels                       0x08002d0c   Section        0  main.o(i.StartAllChannels)
    StartAllChannels                         0x08002d0d   Thumb Code   226  main.o(i.StartAllChannels)
    i.StopAllChannels                        0x08002e08   Section        0  main.o(i.StopAllChannels)
    StopAllChannels                          0x08002e09   Thumb Code   150  main.o(i.StopAllChannels)
    i.SysTick_Handler                        0x08002ea8   Section        0  stm32f4xx_it.o(i.SysTick_Handler)
    i.SystemClock_Config                     0x08002eac   Section        0  main.o(i.SystemClock_Config)
    i.SystemInit                             0x08002f30   Section        0  system_stm32f4xx.o(i.SystemInit)
    i.TIM_Base_SetConfig                     0x08002f4c   Section        0  stm32f4xx_hal_tim.o(i.TIM_Base_SetConfig)
    i.TIM_CCxChannelCmd                      0x08003014   Section        0  stm32f4xx_hal_tim.o(i.TIM_CCxChannelCmd)
    i.TIM_OC1_SetConfig                      0x08003030   Section        0  stm32f4xx_hal_tim.o(i.TIM_OC1_SetConfig)
    TIM_OC1_SetConfig                        0x08003031   Thumb Code    88  stm32f4xx_hal_tim.o(i.TIM_OC1_SetConfig)
    i.TIM_OC2_SetConfig                      0x08003090   Section        0  stm32f4xx_hal_tim.o(i.TIM_OC2_SetConfig)
    i.TIM_OC3_SetConfig                      0x080030fc   Section        0  stm32f4xx_hal_tim.o(i.TIM_OC3_SetConfig)
    TIM_OC3_SetConfig                        0x080030fd   Thumb Code    96  stm32f4xx_hal_tim.o(i.TIM_OC3_SetConfig)
    i.TIM_OC4_SetConfig                      0x08003164   Section        0  stm32f4xx_hal_tim.o(i.TIM_OC4_SetConfig)
    TIM_OC4_SetConfig                        0x08003165   Thumb Code    70  stm32f4xx_hal_tim.o(i.TIM_OC4_SetConfig)
    i.UART_SetConfig                         0x080031b4   Section        0  stm32f4xx_hal_uart.o(i.UART_SetConfig)
    UART_SetConfig                           0x080031b5   Thumb Code   286  stm32f4xx_hal_uart.o(i.UART_SetConfig)
    i.UpdateBuf                              0x080032dc   Section        0  display_lcd.o(i.UpdateBuf)
    i.UsageFault_Handler                     0x08003318   Section        0  stm32f4xx_it.o(i.UsageFault_Handler)
    i.__0sprintf                             0x0800331c   Section        0  printfa.o(i.__0sprintf)
    i.__ARM_fpclassify                       0x08003344   Section        0  fpclassify.o(i.__ARM_fpclassify)
    i.__NVIC_SetPriority                     0x08003374   Section        0  stm32f4xx_hal_cortex.o(i.__NVIC_SetPriority)
    __NVIC_SetPriority                       0x08003375   Thumb Code    32  stm32f4xx_hal_cortex.o(i.__NVIC_SetPriority)
    i.__hardfp_modff                         0x08003394   Section        0  modff.o(i.__hardfp_modff)
    i.__hardfp_pow                           0x080033f0   Section        0  pow.o(i.__hardfp_pow)
    i.__hardfp_powl                          0x08004040   Section        0  powl.o(i.__hardfp_powl)
    i.__kernel_poly                          0x08004044   Section        0  poly.o(i.__kernel_poly)
    i.__mathlib_dbl_divzero                  0x08004140   Section        0  dunder.o(i.__mathlib_dbl_divzero)
    i.__mathlib_dbl_infnan2                  0x08004170   Section        0  dunder.o(i.__mathlib_dbl_infnan2)
    i.__mathlib_dbl_invalid                  0x08004188   Section        0  dunder.o(i.__mathlib_dbl_invalid)
    i.__mathlib_dbl_overflow                 0x080041a8   Section        0  dunder.o(i.__mathlib_dbl_overflow)
    i.__mathlib_dbl_underflow                0x080041c8   Section        0  dunder.o(i.__mathlib_dbl_underflow)
    i.__scatterload_copy                     0x080041e8   Section       14  handlers.o(i.__scatterload_copy)
    i.__scatterload_null                     0x080041f6   Section        2  handlers.o(i.__scatterload_null)
    i.__scatterload_zeroinit                 0x080041f8   Section       14  handlers.o(i.__scatterload_zeroinit)
    i.__set_errno                            0x08004208   Section        0  errno.o(i.__set_errno)
    i._fp_digits                             0x08004214   Section        0  printfa.o(i._fp_digits)
    _fp_digits                               0x08004215   Thumb Code   366  printfa.o(i._fp_digits)
    i._printf_core                           0x08004398   Section        0  printfa.o(i._printf_core)
    _printf_core                             0x08004399   Thumb Code  1744  printfa.o(i._printf_core)
    i._printf_post_padding                   0x08004a74   Section        0  printfa.o(i._printf_post_padding)
    _printf_post_padding                     0x08004a75   Thumb Code    36  printfa.o(i._printf_post_padding)
    i._printf_pre_padding                    0x08004a98   Section        0  printfa.o(i._printf_pre_padding)
    _printf_pre_padding                      0x08004a99   Thumb Code    46  printfa.o(i._printf_pre_padding)
    i._sputc                                 0x08004ac6   Section        0  printfa.o(i._sputc)
    _sputc                                   0x08004ac7   Thumb Code    10  printfa.o(i._sputc)
    i.cls                                    0x08004ad0   Section        0  display_lcd.o(i.cls)
    i.draw_string                            0x08004b14   Section        0  display_lcd.o(i.draw_string)
    i.draw_symbol                            0x08004b48   Section        0  display_lcd.o(i.draw_symbol)
    i.fabs                                   0x08004bc0   Section        0  fabs.o(i.fabs)
    i.main                                   0x08004bd8   Section        0  main.o(i.main)
    i.sens_I                                 0x08005270   Section        0  setting.o(i.sens_I)
    i.sens_V                                 0x080052c8   Section        0  setting.o(i.sens_V)
    i.sens_set                               0x08005334   Section        0  setting.o(i.sens_set)
    i.sqrt                                   0x08005570   Section        0  sqrt.o(i.sqrt)
    .constdata                               0x080055e0   Section     3456  display_lcd.o(.constdata)
    .constdata                               0x08006360   Section       16  system_stm32f4xx.o(.constdata)
    .constdata                               0x08006370   Section        8  system_stm32f4xx.o(.constdata)
    .constdata                               0x08006378   Section      136  pow.o(.constdata)
    bp                                       0x08006378   Data          16  pow.o(.constdata)
    dp_h                                     0x08006388   Data          16  pow.o(.constdata)
    dp_l                                     0x08006398   Data          16  pow.o(.constdata)
    L                                        0x080063a8   Data          48  pow.o(.constdata)
    P                                        0x080063d8   Data          40  pow.o(.constdata)
    .constdata                               0x08006400   Section        8  qnan.o(.constdata)
    .data                                    0x20000000   Section        8  setting.o(.data)
    MM_read_V                                0x20000000   Data           1  setting.o(.data)
    MM_read_I                                0x20000001   Data           1  setting.o(.data)
    R                                        0x20000004   Data           4  setting.o(.data)
    .data                                    0x20000008   Section        4  display_lcd.o(.data)
    .data                                    0x2000000c   Section       33  main.o(.data)
    maxVolt                                  0x2000000c   Data           4  main.o(.data)
    prevVolt                                 0x20000010   Data           4  main.o(.data)
    maxCur                                   0x20000014   Data           4  main.o(.data)
    m                                        0x20000018   Data           4  main.o(.data)
    .data                                    0x20000030   Section       12  stm32f4xx_hal.o(.data)
    .data                                    0x2000003c   Section        4  system_stm32f4xx.o(.data)
    .data                                    0x20000040   Section        4  errno.o(.data)
    _errno                                   0x20000040   Data           4  errno.o(.data)
    .bss                                     0x20000044   Section    40960  display_lcd.o(.bss)
    .bss                                     0x2000a044   Section       72  gpio_spi.o(.bss)
    .bss                                     0x2000a08c   Section     1004  main.o(.bss)
    voltage                                  0x2000a410   Data          32  main.o(.bss)
    current                                  0x2000a430   Data          32  main.o(.bss)
    STACK                                    0x2000a478   Section     1024  startup_stm32f407xx.o(STACK)

    Global Symbols

    Symbol Name                              Value     Ov Type        Size  Object(Section)

    BuildAttributes$$THM_ISAv4$E$P$D$K$B$S$7EM$VFPi3$EXTD16$VFPS$VFMA$PE$A:L22UL41UL21$X:L11$S22US41US21$IEEE1$IW$USESV6$~STKCKD$USESV7$~SHL$OTIME$ROPI$IEEEX$EBA8$MICROLIB$REQ8$PRES8$EABIv2 0x00000000   Number         0  anon$$obj.o ABSOLUTE
    __ARM_use_no_argv                        0x00000000   Number         0  main.o ABSOLUTE
    _printf_a                                0x00000000   Number         0  stubs.o ABSOLUTE
    _printf_c                                0x00000000   Number         0  stubs.o ABSOLUTE
    _printf_charcount                        0x00000000   Number         0  stubs.o ABSOLUTE
    _printf_d                                0x00000000   Number         0  stubs.o ABSOLUTE
    _printf_e                                0x00000000   Number         0  stubs.o ABSOLUTE
    _printf_f                                0x00000000   Number         0  stubs.o ABSOLUTE
    _printf_flags                            0x00000000   Number         0  stubs.o ABSOLUTE
    _printf_fp_dec                           0x00000000   Number         0  stubs.o ABSOLUTE
    _printf_fp_hex                           0x00000000   Number         0  stubs.o ABSOLUTE
    _printf_g                                0x00000000   Number         0  stubs.o ABSOLUTE
    _printf_i                                0x00000000   Number         0  stubs.o ABSOLUTE
    _printf_int_dec                          0x00000000   Number         0  stubs.o ABSOLUTE
    _printf_l                                0x00000000   Number         0  stubs.o ABSOLUTE
    _printf_lc                               0x00000000   Number         0  stubs.o ABSOLUTE
    _printf_ll                               0x00000000   Number         0  stubs.o ABSOLUTE
    _printf_lld                              0x00000000   Number         0  stubs.o ABSOLUTE
    _printf_lli                              0x00000000   Number         0  stubs.o ABSOLUTE
    _printf_llo                              0x00000000   Number         0  stubs.o ABSOLUTE
    _printf_llu                              0x00000000   Number         0  stubs.o ABSOLUTE
    _printf_llx                              0x00000000   Number         0  stubs.o ABSOLUTE
    _printf_longlong_dec                     0x00000000   Number         0  stubs.o ABSOLUTE
    _printf_longlong_hex                     0x00000000   Number         0  stubs.o ABSOLUTE
    _printf_longlong_oct                     0x00000000   Number         0  stubs.o ABSOLUTE
    _printf_ls                               0x00000000   Number         0  stubs.o ABSOLUTE
    _printf_mbtowc                           0x00000000   Number         0  stubs.o ABSOLUTE
    _printf_n                                0x00000000   Number         0  stubs.o ABSOLUTE
    _printf_o                                0x00000000   Number         0  stubs.o ABSOLUTE
    _printf_p                                0x00000000   Number         0  stubs.o ABSOLUTE
    _printf_percent                          0x00000000   Number         0  stubs.o ABSOLUTE
    _printf_pre_padding                      0x00000000   Number         0  stubs.o ABSOLUTE
    _printf_return_value                     0x00000000   Number         0  stubs.o ABSOLUTE
    _printf_s                                0x00000000   Number         0  stubs.o ABSOLUTE
    _printf_sizespec                         0x00000000   Number         0  stubs.o ABSOLUTE
    _printf_str                              0x00000000   Number         0  stubs.o ABSOLUTE
    _printf_truncate_signed                  0x00000000   Number         0  stubs.o ABSOLUTE
    _printf_truncate_unsigned                0x00000000   Number         0  stubs.o ABSOLUTE
    _printf_u                                0x00000000   Number         0  stubs.o ABSOLUTE
    _printf_wc                               0x00000000   Number         0  stubs.o ABSOLUTE
    _printf_wctomb                           0x00000000   Number         0  stubs.o ABSOLUTE
    _printf_widthprec                        0x00000000   Number         0  stubs.o ABSOLUTE
    _printf_x                                0x00000000   Number         0  stubs.o ABSOLUTE
    __cpp_initialize__aeabi_                  - Undefined Weak Reference
    __cxa_finalize                            - Undefined Weak Reference
    __decompress                              - Undefined Weak Reference
    _clock_init                               - Undefined Weak Reference
    _microlib_exit                            - Undefined Weak Reference
    __Vectors_Size                           0x00000188   Number         0  startup_stm32f407xx.o ABSOLUTE
    __Vectors                                0x08000000   Data           4  startup_stm32f407xx.o(RESET)
    __Vectors_End                            0x08000188   Data           0  startup_stm32f407xx.o(RESET)
    __main                                   0x08000189   Thumb Code     0  entry.o(.ARM.Collect$$$$00000000)
    _main_stk                                0x08000189   Thumb Code     0  entry2.o(.ARM.Collect$$$$00000001)
    _main_scatterload                        0x0800018d   Thumb Code     0  entry5.o(.ARM.Collect$$$$00000004)
    __main_after_scatterload                 0x08000191   Thumb Code     0  entry5.o(.ARM.Collect$$$$00000004)
    _main_clock                              0x08000191   Thumb Code     0  entry7b.o(.ARM.Collect$$$$00000008)
    _main_cpp_init                           0x08000191   Thumb Code     0  entry8b.o(.ARM.Collect$$$$0000000A)
    _main_init                               0x08000191   Thumb Code     0  entry9a.o(.ARM.Collect$$$$0000000B)
    __rt_final_cpp                           0x08000199   Thumb Code     0  entry10a.o(.ARM.Collect$$$$0000000D)
    __rt_final_exit                          0x08000199   Thumb Code     0  entry11a.o(.ARM.Collect$$$$0000000F)
    Reset_Handler                            0x0800019d   Thumb Code     8  startup_stm32f407xx.o(.text)
    ADC_IRQHandler                           0x080001b7   Thumb Code     0  startup_stm32f407xx.o(.text)
    CAN1_RX0_IRQHandler                      0x080001b7   Thumb Code     0  startup_stm32f407xx.o(.text)
    CAN1_RX1_IRQHandler                      0x080001b7   Thumb Code     0  startup_stm32f407xx.o(.text)
    CAN1_SCE_IRQHandler                      0x080001b7   Thumb Code     0  startup_stm32f407xx.o(.text)
    CAN1_TX_IRQHandler                       0x080001b7   Thumb Code     0  startup_stm32f407xx.o(.text)
    CAN2_RX0_IRQHandler                      0x080001b7   Thumb Code     0  startup_stm32f407xx.o(.text)
    CAN2_RX1_IRQHandler                      0x080001b7   Thumb Code     0  startup_stm32f407xx.o(.text)
    CAN2_SCE_IRQHandler                      0x080001b7   Thumb Code     0  startup_stm32f407xx.o(.text)
    CAN2_TX_IRQHandler                       0x080001b7   Thumb Code     0  startup_stm32f407xx.o(.text)
    DCMI_IRQHandler                          0x080001b7   Thumb Code     0  startup_stm32f407xx.o(.text)
    DMA1_Stream0_IRQHandler                  0x080001b7   Thumb Code     0  startup_stm32f407xx.o(.text)
    DMA1_Stream1_IRQHandler                  0x080001b7   Thumb Code     0  startup_stm32f407xx.o(.text)
    DMA1_Stream2_IRQHandler                  0x080001b7   Thumb Code     0  startup_stm32f407xx.o(.text)
    DMA1_Stream3_IRQHandler                  0x080001b7   Thumb Code     0  startup_stm32f407xx.o(.text)
    DMA1_Stream4_IRQHandler                  0x080001b7   Thumb Code     0  startup_stm32f407xx.o(.text)
    DMA1_Stream5_IRQHandler                  0x080001b7   Thumb Code     0  startup_stm32f407xx.o(.text)
    DMA1_Stream6_IRQHandler                  0x080001b7   Thumb Code     0  startup_stm32f407xx.o(.text)
    DMA1_Stream7_IRQHandler                  0x080001b7   Thumb Code     0  startup_stm32f407xx.o(.text)
    DMA2_Stream0_IRQHandler                  0x080001b7   Thumb Code     0  startup_stm32f407xx.o(.text)
    DMA2_Stream1_IRQHandler                  0x080001b7   Thumb Code     0  startup_stm32f407xx.o(.text)
    DMA2_Stream2_IRQHandler                  0x080001b7   Thumb Code     0  startup_stm32f407xx.o(.text)
    DMA2_Stream3_IRQHandler                  0x080001b7   Thumb Code     0  startup_stm32f407xx.o(.text)
    DMA2_Stream4_IRQHandler                  0x080001b7   Thumb Code     0  startup_stm32f407xx.o(.text)
    DMA2_Stream5_IRQHandler                  0x080001b7   Thumb Code     0  startup_stm32f407xx.o(.text)
    DMA2_Stream6_IRQHandler                  0x080001b7   Thumb Code     0  startup_stm32f407xx.o(.text)
    DMA2_Stream7_IRQHandler                  0x080001b7   Thumb Code     0  startup_stm32f407xx.o(.text)
    ETH_IRQHandler                           0x080001b7   Thumb Code     0  startup_stm32f407xx.o(.text)
    ETH_WKUP_IRQHandler                      0x080001b7   Thumb Code     0  startup_stm32f407xx.o(.text)
    EXTI0_IRQHandler                         0x080001b7   Thumb Code     0  startup_stm32f407xx.o(.text)
    EXTI15_10_IRQHandler                     0x080001b7   Thumb Code     0  startup_stm32f407xx.o(.text)
    EXTI1_IRQHandler                         0x080001b7   Thumb Code     0  startup_stm32f407xx.o(.text)
    EXTI9_5_IRQHandler                       0x080001b7   Thumb Code     0  startup_stm32f407xx.o(.text)
    FLASH_IRQHandler                         0x080001b7   Thumb Code     0  startup_stm32f407xx.o(.text)
    FMC_IRQHandler                           0x080001b7   Thumb Code     0  startup_stm32f407xx.o(.text)
    FPU_IRQHandler                           0x080001b7   Thumb Code     0  startup_stm32f407xx.o(.text)
    HASH_RNG_IRQHandler                      0x080001b7   Thumb Code     0  startup_stm32f407xx.o(.text)
    I2C1_ER_IRQHandler                       0x080001b7   Thumb Code     0  startup_stm32f407xx.o(.text)
    I2C1_EV_IRQHandler                       0x080001b7   Thumb Code     0  startup_stm32f407xx.o(.text)
    I2C2_ER_IRQHandler                       0x080001b7   Thumb Code     0  startup_stm32f407xx.o(.text)
    I2C2_EV_IRQHandler                       0x080001b7   Thumb Code     0  startup_stm32f407xx.o(.text)
    I2C3_ER_IRQHandler                       0x080001b7   Thumb Code     0  startup_stm32f407xx.o(.text)
    I2C3_EV_IRQHandler                       0x080001b7   Thumb Code     0  startup_stm32f407xx.o(.text)
    OTG_FS_IRQHandler                        0x080001b7   Thumb Code     0  startup_stm32f407xx.o(.text)
    OTG_FS_WKUP_IRQHandler                   0x080001b7   Thumb Code     0  startup_stm32f407xx.o(.text)
    OTG_HS_EP1_IN_IRQHandler                 0x080001b7   Thumb Code     0  startup_stm32f407xx.o(.text)
    OTG_HS_EP1_OUT_IRQHandler                0x080001b7   Thumb Code     0  startup_stm32f407xx.o(.text)
    OTG_HS_IRQHandler                        0x080001b7   Thumb Code     0  startup_stm32f407xx.o(.text)
    OTG_HS_WKUP_IRQHandler                   0x080001b7   Thumb Code     0  startup_stm32f407xx.o(.text)
    PVD_IRQHandler                           0x080001b7   Thumb Code     0  startup_stm32f407xx.o(.text)
    RCC_IRQHandler                           0x080001b7   Thumb Code     0  startup_stm32f407xx.o(.text)
    RTC_Alarm_IRQHandler                     0x080001b7   Thumb Code     0  startup_stm32f407xx.o(.text)
    RTC_WKUP_IRQHandler                      0x080001b7   Thumb Code     0  startup_stm32f407xx.o(.text)
    SDIO_IRQHandler                          0x080001b7   Thumb Code     0  startup_stm32f407xx.o(.text)
    SPI1_IRQHandler                          0x080001b7   Thumb Code     0  startup_stm32f407xx.o(.text)
    SPI2_IRQHandler                          0x080001b7   Thumb Code     0  startup_stm32f407xx.o(.text)
    SPI3_IRQHandler                          0x080001b7   Thumb Code     0  startup_stm32f407xx.o(.text)
    TAMP_STAMP_IRQHandler                    0x080001b7   Thumb Code     0  startup_stm32f407xx.o(.text)
    TIM1_BRK_TIM9_IRQHandler                 0x080001b7   Thumb Code     0  startup_stm32f407xx.o(.text)
    TIM1_CC_IRQHandler                       0x080001b7   Thumb Code     0  startup_stm32f407xx.o(.text)
    TIM1_TRG_COM_TIM11_IRQHandler            0x080001b7   Thumb Code     0  startup_stm32f407xx.o(.text)
    TIM1_UP_TIM10_IRQHandler                 0x080001b7   Thumb Code     0  startup_stm32f407xx.o(.text)
    TIM2_IRQHandler                          0x080001b7   Thumb Code     0  startup_stm32f407xx.o(.text)
    TIM3_IRQHandler                          0x080001b7   Thumb Code     0  startup_stm32f407xx.o(.text)
    TIM4_IRQHandler                          0x080001b7   Thumb Code     0  startup_stm32f407xx.o(.text)
    TIM5_IRQHandler                          0x080001b7   Thumb Code     0  startup_stm32f407xx.o(.text)
    TIM6_DAC_IRQHandler                      0x080001b7   Thumb Code     0  startup_stm32f407xx.o(.text)
    TIM7_IRQHandler                          0x080001b7   Thumb Code     0  startup_stm32f407xx.o(.text)
    TIM8_BRK_TIM12_IRQHandler                0x080001b7   Thumb Code     0  startup_stm32f407xx.o(.text)
    TIM8_CC_IRQHandler                       0x080001b7   Thumb Code     0  startup_stm32f407xx.o(.text)
    TIM8_TRG_COM_TIM14_IRQHandler            0x080001b7   Thumb Code     0  startup_stm32f407xx.o(.text)
    TIM8_UP_TIM13_IRQHandler                 0x080001b7   Thumb Code     0  startup_stm32f407xx.o(.text)
    UART4_IRQHandler                         0x080001b7   Thumb Code     0  startup_stm32f407xx.o(.text)
    UART5_IRQHandler                         0x080001b7   Thumb Code     0  startup_stm32f407xx.o(.text)
    USART1_IRQHandler                        0x080001b7   Thumb Code     0  startup_stm32f407xx.o(.text)
    USART2_IRQHandler                        0x080001b7   Thumb Code     0  startup_stm32f407xx.o(.text)
    USART3_IRQHandler                        0x080001b7   Thumb Code     0  startup_stm32f407xx.o(.text)
    USART6_IRQHandler                        0x080001b7   Thumb Code     0  startup_stm32f407xx.o(.text)
    WWDG_IRQHandler                          0x080001b7   Thumb Code     0  startup_stm32f407xx.o(.text)
    __aeabi_uldivmod                         0x080001c1   Thumb Code    98  uldiv.o(.text)
    __aeabi_memcpy                           0x08000223   Thumb Code    36  memcpya.o(.text)
    __aeabi_memcpy4                          0x08000223   Thumb Code     0  memcpya.o(.text)
    __aeabi_memcpy8                          0x08000223   Thumb Code     0  memcpya.o(.text)
    __aeabi_memset                           0x08000247   Thumb Code    14  memseta.o(.text)
    __aeabi_memset4                          0x08000247   Thumb Code     0  memseta.o(.text)
    __aeabi_memset8                          0x08000247   Thumb Code     0  memseta.o(.text)
    __aeabi_memclr                           0x08000255   Thumb Code     4  memseta.o(.text)
    __aeabi_memclr4                          0x08000255   Thumb Code     0  memseta.o(.text)
    __aeabi_memclr8                          0x08000255   Thumb Code     0  memseta.o(.text)
    _memset$wrapper                          0x08000259   Thumb Code    18  memseta.o(.text)
    strlen                                   0x0800026b   Thumb Code    14  strlen.o(.text)
    __aeabi_dadd                             0x08000279   Thumb Code   322  dadd.o(.text)
    __aeabi_dsub                             0x080003bb   Thumb Code     6  dadd.o(.text)
    __aeabi_drsub                            0x080003c1   Thumb Code     6  dadd.o(.text)
    __aeabi_dmul                             0x080003c7   Thumb Code   228  dmul.o(.text)
    __aeabi_ddiv                             0x080004ab   Thumb Code   222  ddiv.o(.text)
    __aeabi_i2d                              0x08000589   Thumb Code    34  dflti.o(.text)
    __aeabi_f2d                              0x080005ab   Thumb Code    38  f2d.o(.text)
    __aeabi_d2f                              0x080005d1   Thumb Code    56  d2f.o(.text)
    __aeabi_uidiv                            0x08000609   Thumb Code     0  uidiv.o(.text)
    __aeabi_uidivmod                         0x08000609   Thumb Code    44  uidiv.o(.text)
    __aeabi_llsl                             0x08000635   Thumb Code    30  llshl.o(.text)
    _ll_shift_l                              0x08000635   Thumb Code     0  llshl.o(.text)
    __aeabi_llsr                             0x08000653   Thumb Code    32  llushr.o(.text)
    _ll_ushift_r                             0x08000653   Thumb Code     0  llushr.o(.text)
    __aeabi_lasr                             0x08000673   Thumb Code    36  llsshr.o(.text)
    _ll_sshift_r                             0x08000673   Thumb Code     0  llsshr.o(.text)
    __I$use$fp                               0x08000697   Thumb Code     0  iusefp.o(.text)
    _float_round                             0x08000697   Thumb Code    18  fepilogue.o(.text)
    _float_epilogue                          0x080006a9   Thumb Code    92  fepilogue.o(.text)
    _double_round                            0x08000705   Thumb Code    30  depilogue.o(.text)
    _double_epilogue                         0x08000723   Thumb Code   156  depilogue.o(.text)
    __ARM_scalbn                             0x080007bf   Thumb Code    46  dscalb.o(.text)
    scalbn                                   0x080007bf   Thumb Code     0  dscalb.o(.text)
    __aeabi_d2ulz                            0x080007ed   Thumb Code    48  dfixul.o(.text)
    __aeabi_cdrcmple                         0x0800081d   Thumb Code    48  cdrcmple.o(.text)
    __scatterload                            0x0800084d   Thumb Code    28  init.o(.text)
    __scatterload_rt2                        0x0800084d   Thumb Code     0  init.o(.text)
    _dsqrt                                   0x08000871   Thumb Code   162  dsqrt.o(.text)
    BusFault_Handler                         0x08000a3d   Thumb Code     2  stm32f4xx_it.o(i.BusFault_Handler)
    CalibAllChannels                         0x08000a59   Thumb Code   210  main.o(i.CalibAllChannels)
    ConfigDisplayPort                        0x08000b45   Thumb Code    34  display_lcd.o(i.ConfigDisplayPort)
    ConfigPort                               0x08000b69   Thumb Code    20  gpio_spi.o(i.ConfigPort)
    DebugMon_Handler                         0x08000b81   Thumb Code     2  stm32f4xx_it.o(i.DebugMon_Handler)
    Delay                                    0x08000b83   Thumb Code     4  gpio_spi.o(i.Delay)
    EXTI2_IRQHandler                         0x08000b87   Thumb Code     6  stm32f4xx_it.o(i.EXTI2_IRQHandler)
    EXTI3_IRQHandler                         0x08000b8d   Thumb Code     6  stm32f4xx_it.o(i.EXTI3_IRQHandler)
    EXTI4_IRQHandler                         0x08000b93   Thumb Code     6  stm32f4xx_it.o(i.EXTI4_IRQHandler)
    HAL_ADC_ConfigChannel                    0x08000b99   Thumb Code   316  stm32f4xx_hal_adc.o(i.HAL_ADC_ConfigChannel)
    HAL_ADC_Init                             0x08000ce5   Thumb Code    84  stm32f4xx_hal_adc.o(i.HAL_ADC_Init)
    HAL_ADC_MspInit                          0x08000d39   Thumb Code   168  stm32f4xx_hal_msp.o(i.HAL_ADC_MspInit)
    HAL_Delay                                0x08000df5   Thumb Code    32  stm32f4xx_hal.o(i.HAL_Delay)
    HAL_GPIO_EXTI_Callback                   0x08000e19   Thumb Code    96  main.o(i.HAL_GPIO_EXTI_Callback)
    HAL_GPIO_EXTI_IRQHandler                 0x08000e85   Thumb Code    18  stm32f4xx_hal_gpio.o(i.HAL_GPIO_EXTI_IRQHandler)
    HAL_GPIO_Init                            0x08000e9d   Thumb Code   394  stm32f4xx_hal_gpio.o(i.HAL_GPIO_Init)
    HAL_GPIO_ReadPin                         0x08001055   Thumb Code    10  stm32f4xx_hal_gpio.o(i.HAL_GPIO_ReadPin)
    HAL_GPIO_WritePin                        0x0800105f   Thumb Code    10  stm32f4xx_hal_gpio.o(i.HAL_GPIO_WritePin)
    HAL_GetTick                              0x08001069   Thumb Code     6  stm32f4xx_hal.o(i.HAL_GetTick)
    HAL_I2C_Init                             0x08001075   Thumb Code   376  stm32f4xx_hal_i2c.o(i.HAL_I2C_Init)
    HAL_I2C_Master_Receive                   0x080011fd   Thumb Code   468  stm32f4xx_hal_i2c.o(i.HAL_I2C_Master_Receive)
    HAL_I2C_Master_Transmit                  0x080013dd   Thumb Code   290  stm32f4xx_hal_i2c.o(i.HAL_I2C_Master_Transmit)
    HAL_I2C_MspInit                          0x08001509   Thumb Code    92  stm32f4xx_hal_msp.o(i.HAL_I2C_MspInit)
    HAL_IncTick                              0x08001571   Thumb Code    12  stm32f4xx_hal.o(i.HAL_IncTick)
    HAL_Init                                 0x08001581   Thumb Code    48  stm32f4xx_hal.o(i.HAL_Init)
    HAL_InitTick                             0x080015b5   Thumb Code    54  stm32f4xx_hal.o(i.HAL_InitTick)
    HAL_MspInit                              0x080015f5   Thumb Code    42  stm32f4xx_hal_msp.o(i.HAL_MspInit)
    HAL_NVIC_EnableIRQ                       0x08001625   Thumb Code    26  stm32f4xx_hal_cortex.o(i.HAL_NVIC_EnableIRQ)
    HAL_NVIC_SetPriority                     0x08001641   Thumb Code    60  stm32f4xx_hal_cortex.o(i.HAL_NVIC_SetPriority)
    HAL_NVIC_SetPriorityGrouping             0x08001681   Thumb Code    26  stm32f4xx_hal_cortex.o(i.HAL_NVIC_SetPriorityGrouping)
    HAL_RCC_ClockConfig                      0x080016a5   Thumb Code   288  stm32f4xx_hal_rcc.o(i.HAL_RCC_ClockConfig)
    HAL_RCC_GetPCLK1Freq                     0x080017d9   Thumb Code    20  stm32f4xx_hal_rcc.o(i.HAL_RCC_GetPCLK1Freq)
    HAL_RCC_GetPCLK2Freq                     0x080017f9   Thumb Code    20  stm32f4xx_hal_rcc.o(i.HAL_RCC_GetPCLK2Freq)
    HAL_RCC_GetSysClockFreq                  0x08001819   Thumb Code    66  stm32f4xx_hal_rcc.o(i.HAL_RCC_GetSysClockFreq)
    HAL_RCC_OscConfig                        0x08001865   Thumb Code   834  stm32f4xx_hal_rcc.o(i.HAL_RCC_OscConfig)
    HAL_SPI_Init                             0x08001bc1   Thumb Code   128  stm32f4xx_hal_spi.o(i.HAL_SPI_Init)
    HAL_SPI_MspInit                          0x08001c41   Thumb Code   130  stm32f4xx_hal_msp.o(i.HAL_SPI_MspInit)
    HAL_SYSTICK_Config                       0x08001cd5   Thumb Code    40  stm32f4xx_hal_cortex.o(i.HAL_SYSTICK_Config)
    HAL_TIMEx_ConfigBreakDeadTime            0x08001cfd   Thumb Code    84  stm32f4xx_hal_tim_ex.o(i.HAL_TIMEx_ConfigBreakDeadTime)
    HAL_TIMEx_MasterConfigSynchronization    0x08001d51   Thumb Code   116  stm32f4xx_hal_tim_ex.o(i.HAL_TIMEx_MasterConfigSynchronization)
    HAL_TIM_MspPostInit                      0x08001de1   Thumb Code   272  stm32f4xx_hal_msp.o(i.HAL_TIM_MspPostInit)
    HAL_TIM_PWM_ConfigChannel                0x08001f19   Thumb Code   208  stm32f4xx_hal_tim.o(i.HAL_TIM_PWM_ConfigChannel)
    HAL_TIM_PWM_Init                         0x08001fe9   Thumb Code    54  stm32f4xx_hal_tim.o(i.HAL_TIM_PWM_Init)
    HAL_TIM_PWM_MspInit                      0x08002021   Thumb Code   114  stm32f4xx_hal_msp.o(i.HAL_TIM_PWM_MspInit)
    HAL_TIM_PWM_Start                        0x080020a9   Thumb Code    58  stm32f4xx_hal_tim.o(i.HAL_TIM_PWM_Start)
    HAL_TIM_PWM_Stop                         0x080020ed   Thumb Code    84  stm32f4xx_hal_tim.o(i.HAL_TIM_PWM_Stop)
    HAL_UART_Init                            0x08002149   Thumb Code    98  stm32f4xx_hal_uart.o(i.HAL_UART_Init)
    HAL_UART_MspInit                         0x080021ad   Thumb Code   236  stm32f4xx_hal_msp.o(i.HAL_UART_MspInit)
    HardFault_Handler                        0x080022b5   Thumb Code     2  stm32f4xx_it.o(i.HardFault_Handler)
    Init_LCD                                 0x08002669   Thumb Code    88  display_lcd.o(i.Init_LCD)
    MemManage_Handler                        0x08002c39   Thumb Code     2  stm32f4xx_it.o(i.MemManage_Handler)
    NMI_Handler                              0x08002c3b   Thumb Code     2  stm32f4xx_it.o(i.NMI_Handler)
    PendSV_Handler                           0x08002c3d   Thumb Code     2  stm32f4xx_it.o(i.PendSV_Handler)
    SPI_Write_Byte                           0x08002c41   Thumb Code    48  gpio_spi.o(i.SPI_Write_Byte)
    SPI_Write_Cmd                            0x08002c71   Thumb Code    44  gpio_spi.o(i.SPI_Write_Cmd)
    SPI_Write_Data                           0x08002c9d   Thumb Code    44  gpio_spi.o(i.SPI_Write_Data)
    SVC_Handler                              0x08002cc9   Thumb Code     2  stm32f4xx_it.o(i.SVC_Handler)
    Set_MOSI                                 0x08002ccd   Thumb Code    12  gpio_spi.o(i.Set_MOSI)
    Set_Rst                                  0x08002cdd   Thumb Code    12  gpio_spi.o(i.Set_Rst)
    Set_SCLK                                 0x08002ced   Thumb Code    12  gpio_spi.o(i.Set_SCLK)
    Set_SCS                                  0x08002cfd   Thumb Code    12  gpio_spi.o(i.Set_SCS)
    SysTick_Handler                          0x08002ea9   Thumb Code     4  stm32f4xx_it.o(i.SysTick_Handler)
    SystemClock_Config                       0x08002ead   Thumb Code   122  main.o(i.SystemClock_Config)
    SystemInit                               0x08002f31   Thumb Code    22  system_stm32f4xx.o(i.SystemInit)
    TIM_Base_SetConfig                       0x08002f4d   Thumb Code   156  stm32f4xx_hal_tim.o(i.TIM_Base_SetConfig)
    TIM_CCxChannelCmd                        0x08003015   Thumb Code    26  stm32f4xx_hal_tim.o(i.TIM_CCxChannelCmd)
    TIM_OC2_SetConfig                        0x08003091   Thumb Code    98  stm32f4xx_hal_tim.o(i.TIM_OC2_SetConfig)
    UpdateBuf                                0x080032dd   Thumb Code    54  display_lcd.o(i.UpdateBuf)
    UsageFault_Handler                       0x08003319   Thumb Code     2  stm32f4xx_it.o(i.UsageFault_Handler)
    __0sprintf                               0x0800331d   Thumb Code    34  printfa.o(i.__0sprintf)
    __1sprintf                               0x0800331d   Thumb Code     0  printfa.o(i.__0sprintf)
    __2sprintf                               0x0800331d   Thumb Code     0  printfa.o(i.__0sprintf)
    __c89sprintf                             0x0800331d   Thumb Code     0  printfa.o(i.__0sprintf)
    sprintf                                  0x0800331d   Thumb Code     0  printfa.o(i.__0sprintf)
    __ARM_fpclassify                         0x08003345   Thumb Code    48  fpclassify.o(i.__ARM_fpclassify)
    __hardfp_modff                           0x08003395   Thumb Code    88  modff.o(i.__hardfp_modff)
    __hardfp_pow                             0x080033f1   Thumb Code  3072  pow.o(i.__hardfp_pow)
    __hardfp_powl                            0x08004041   Thumb Code     4  powl.o(i.__hardfp_powl)
    __kernel_poly                            0x08004045   Thumb Code   248  poly.o(i.__kernel_poly)
    __mathlib_dbl_divzero                    0x08004141   Thumb Code    28  dunder.o(i.__mathlib_dbl_divzero)
    __mathlib_dbl_infnan2                    0x08004171   Thumb Code    20  dunder.o(i.__mathlib_dbl_infnan2)
    __mathlib_dbl_invalid                    0x08004189   Thumb Code    24  dunder.o(i.__mathlib_dbl_invalid)
    __mathlib_dbl_overflow                   0x080041a9   Thumb Code    24  dunder.o(i.__mathlib_dbl_overflow)
    __mathlib_dbl_underflow                  0x080041c9   Thumb Code    24  dunder.o(i.__mathlib_dbl_underflow)
    __scatterload_copy                       0x080041e9   Thumb Code    14  handlers.o(i.__scatterload_copy)
    __scatterload_null                       0x080041f7   Thumb Code     2  handlers.o(i.__scatterload_null)
    __scatterload_zeroinit                   0x080041f9   Thumb Code    14  handlers.o(i.__scatterload_zeroinit)
    __set_errno                              0x08004209   Thumb Code     6  errno.o(i.__set_errno)
    cls                                      0x08004ad1   Thumb Code    58  display_lcd.o(i.cls)
    draw_string                              0x08004b15   Thumb Code    52  display_lcd.o(i.draw_string)
    draw_symbol                              0x08004b49   Thumb Code   108  display_lcd.o(i.draw_symbol)
    fabs                                     0x08004bc1   Thumb Code    24  fabs.o(i.fabs)
    main                                     0x08004bd9   Thumb Code  1676  main.o(i.main)
    sens_I                                   0x08005271   Thumb Code    80  setting.o(i.sens_I)
    sens_V                                   0x080052c9   Thumb Code    96  setting.o(i.sens_V)
    sens_set                                 0x08005335   Thumb Code   540  setting.o(i.sens_set)
    sqrt                                     0x08005571   Thumb Code   110  sqrt.o(i.sqrt)
    TFT_Font_8x8                             0x080055e0   Data        3456  display_lcd.o(.constdata)
    AHBPrescTable                            0x08006360   Data          16  system_stm32f4xx.o(.constdata)
    APBPrescTable                            0x08006370   Data           8  system_stm32f4xx.o(.constdata)
    __mathlib_zero                           0x08006400   Data           8  qnan.o(.constdata)
    Region$$Table$$Base                      0x08006408   Number         0  anon$$obj.o(Region$$Table)
    Region$$Table$$Limit                     0x08006428   Number         0  anon$$obj.o(Region$$Table)
    g_bckgr_clr                              0x20000008   Data           2  display_lcd.o(.data)
    g_ink_color                              0x2000000a   Data           2  display_lcd.o(.data)
    cycleCheck                               0x2000001c   Data           4  main.o(.data)
    BuzzerFlag                               0x20000020   Data           4  main.o(.data)
    buzzerCycle                              0x20000024   Data           4  main.o(.data)
    toChar                                   0x20000028   Data           5  main.o(.data)
    uwTickFreq                               0x20000030   Data           1  stm32f4xx_hal.o(.data)
    uwTickPrio                               0x20000034   Data           4  stm32f4xx_hal.o(.data)
    uwTick                                   0x20000038   Data           4  stm32f4xx_hal.o(.data)
    SystemCoreClock                          0x2000003c   Data           4  system_stm32f4xx.o(.data)
    point_matrix                             0x20000044   Data       40960  display_lcd.o(.bss)
    lh_LCD_Port_info                         0x2000a044   Data          40  gpio_spi.o(.bss)
    g_SPI_Port                               0x2000a06c   Data          32  gpio_spi.o(.bss)
    hadc1                                    0x2000a08c   Data          72  main.o(.bss)
    hadc2                                    0x2000a0d4   Data          72  main.o(.bss)
    hadc3                                    0x2000a11c   Data          72  main.o(.bss)
    hi2c1                                    0x2000a164   Data          84  main.o(.bss)
    hspi3                                    0x2000a1b8   Data          88  main.o(.bss)
    htim1                                    0x2000a210   Data          64  main.o(.bss)
    htim2                                    0x2000a250   Data          64  main.o(.bss)
    htim3                                    0x2000a290   Data          64  main.o(.bss)
    htim4                                    0x2000a2d0   Data          64  main.o(.bss)
    htim8                                    0x2000a310   Data          64  main.o(.bss)
    huart1                                   0x2000a350   Data          64  main.o(.bss)
    huart2                                   0x2000a390   Data          64  main.o(.bss)
    huart3                                   0x2000a3d0   Data          64  main.o(.bss)
    LCD_SPI                                  0x2000a450   Data          40  main.o(.bss)
    __initial_sp                             0x2000a878   Data           0  startup_stm32f407xx.o(STACK)



==============================================================================

Memory Map of the image

  Image Entry point : 0x08000189

  Load Region LR_IROM1 (Base: 0x08000000, Size: 0x0000646c, Max: 0x00080000, ABSOLUTE)

    Execution Region ER_IROM1 (Exec base: 0x08000000, Load base: 0x08000000, Size: 0x00006428, Max: 0x00080000, ABSOLUTE)

    Exec Addr    Load Addr    Size         Type   Attr      Idx    E Section Name        Object

    0x08000000   0x08000000   0x00000188   Data   RO            3    RESET               startup_stm32f407xx.o
    0x08000188   0x08000188   0x00000000   Code   RO         4280  * .ARM.Collect$$$$00000000  mc_w.l(entry.o)
    0x08000188   0x08000188   0x00000004   Code   RO         4605    .ARM.Collect$$$$00000001  mc_w.l(entry2.o)
    0x0800018c   0x0800018c   0x00000004   Code   RO         4608    .ARM.Collect$$$$00000004  mc_w.l(entry5.o)
    0x08000190   0x08000190   0x00000000   Code   RO         4610    .ARM.Collect$$$$00000008  mc_w.l(entry7b.o)
    0x08000190   0x08000190   0x00000000   Code   RO         4612    .ARM.Collect$$$$0000000A  mc_w.l(entry8b.o)
    0x08000190   0x08000190   0x00000008   Code   RO         4613    .ARM.Collect$$$$0000000B  mc_w.l(entry9a.o)
    0x08000198   0x08000198   0x00000000   Code   RO         4615    .ARM.Collect$$$$0000000D  mc_w.l(entry10a.o)
    0x08000198   0x08000198   0x00000000   Code   RO         4617    .ARM.Collect$$$$0000000F  mc_w.l(entry11a.o)
    0x08000198   0x08000198   0x00000004   Code   RO         4606    .ARM.Collect$$$$00002712  mc_w.l(entry2.o)
    0x0800019c   0x0800019c   0x00000024   Code   RO            4    .text               startup_stm32f407xx.o
    0x080001c0   0x080001c0   0x00000062   Code   RO         4283    .text               mc_w.l(uldiv.o)
    0x08000222   0x08000222   0x00000024   Code   RO         4285    .text               mc_w.l(memcpya.o)
    0x08000246   0x08000246   0x00000024   Code   RO         4287    .text               mc_w.l(memseta.o)
    0x0800026a   0x0800026a   0x0000000e   Code   RO         4289    .text               mc_w.l(strlen.o)
    0x08000278   0x08000278   0x0000014e   Code   RO         4554    .text               mf_w.l(dadd.o)
    0x080003c6   0x080003c6   0x000000e4   Code   RO         4556    .text               mf_w.l(dmul.o)
    0x080004aa   0x080004aa   0x000000de   Code   RO         4558    .text               mf_w.l(ddiv.o)
    0x08000588   0x08000588   0x00000022   Code   RO         4560    .text               mf_w.l(dflti.o)
    0x080005aa   0x080005aa   0x00000026   Code   RO         4564    .text               mf_w.l(f2d.o)
    0x080005d0   0x080005d0   0x00000038   Code   RO         4566    .text               mf_w.l(d2f.o)
    0x08000608   0x08000608   0x0000002c   Code   RO         4622    .text               mc_w.l(uidiv.o)
    0x08000634   0x08000634   0x0000001e   Code   RO         4624    .text               mc_w.l(llshl.o)
    0x08000652   0x08000652   0x00000020   Code   RO         4626    .text               mc_w.l(llushr.o)
    0x08000672   0x08000672   0x00000024   Code   RO         4628    .text               mc_w.l(llsshr.o)
    0x08000696   0x08000696   0x00000000   Code   RO         4637    .text               mc_w.l(iusefp.o)
    0x08000696   0x08000696   0x0000006e   Code   RO         4638    .text               mf_w.l(fepilogue.o)
    0x08000704   0x08000704   0x000000ba   Code   RO         4640    .text               mf_w.l(depilogue.o)
    0x080007be   0x080007be   0x0000002e   Code   RO         4644    .text               mf_w.l(dscalb.o)
    0x080007ec   0x080007ec   0x00000030   Code   RO         4646    .text               mf_w.l(dfixul.o)
    0x0800081c   0x0800081c   0x00000030   Code   RO         4648    .text               mf_w.l(cdrcmple.o)
    0x0800084c   0x0800084c   0x00000024   Code   RO         4650    .text               mc_w.l(init.o)
    0x08000870   0x08000870   0x000000a2   Code   RO         4654    .text               mf_w.l(dsqrt.o)
    0x08000912   0x08000912   0x00000002   PAD
    0x08000914   0x08000914   0x00000128   Code   RO          796    i.ADC_Init          stm32f4xx_hal_adc.o
    0x08000a3c   0x08000a3c   0x00000002   Code   RO          610    i.BusFault_Handler  stm32f4xx_it.o
    0x08000a3e   0x08000a3e   0x00000002   PAD
    0x08000a40   0x08000a40   0x00000018   Code   RO          465    i.BuzzerOn          main.o
    0x08000a58   0x08000a58   0x000000ec   Code   RO          466    i.CalibAllChannels  main.o
    0x08000b44   0x08000b44   0x00000022   Code   RO          248    i.ConfigDisplayPort  display_lcd.o
    0x08000b66   0x08000b66   0x00000002   PAD
    0x08000b68   0x08000b68   0x00000018   Code   RO          380    i.ConfigPort        gpio_spi.o
    0x08000b80   0x08000b80   0x00000002   Code   RO          611    i.DebugMon_Handler  stm32f4xx_it.o
    0x08000b82   0x08000b82   0x00000004   Code   RO          382    i.Delay             gpio_spi.o
    0x08000b86   0x08000b86   0x00000006   Code   RO          612    i.EXTI2_IRQHandler  stm32f4xx_it.o
    0x08000b8c   0x08000b8c   0x00000006   Code   RO          613    i.EXTI3_IRQHandler  stm32f4xx_it.o
    0x08000b92   0x08000b92   0x00000006   Code   RO          614    i.EXTI4_IRQHandler  stm32f4xx_it.o
    0x08000b98   0x08000b98   0x0000014c   Code   RO          798    i.HAL_ADC_ConfigChannel  stm32f4xx_hal_adc.o
    0x08000ce4   0x08000ce4   0x00000054   Code   RO          807    i.HAL_ADC_Init      stm32f4xx_hal_adc.o
    0x08000d38   0x08000d38   0x000000bc   Code   RO          704    i.HAL_ADC_MspInit   stm32f4xx_hal_msp.o
    0x08000df4   0x08000df4   0x00000024   Code   RO         1949    i.HAL_Delay         stm32f4xx_hal.o
    0x08000e18   0x08000e18   0x0000006c   Code   RO          468    i.HAL_GPIO_EXTI_Callback  main.o
    0x08000e84   0x08000e84   0x00000018   Code   RO         1422    i.HAL_GPIO_EXTI_IRQHandler  stm32f4xx_hal_gpio.o
    0x08000e9c   0x08000e9c   0x000001b8   Code   RO         1423    i.HAL_GPIO_Init     stm32f4xx_hal_gpio.o
    0x08001054   0x08001054   0x0000000a   Code   RO         1425    i.HAL_GPIO_ReadPin  stm32f4xx_hal_gpio.o
    0x0800105e   0x0800105e   0x0000000a   Code   RO         1427    i.HAL_GPIO_WritePin  stm32f4xx_hal_gpio.o
    0x08001068   0x08001068   0x0000000c   Code   RO         1955    i.HAL_GetTick       stm32f4xx_hal.o
    0x08001074   0x08001074   0x00000188   Code   RO         2211    i.HAL_I2C_Init      stm32f4xx_hal_i2c.o
    0x080011fc   0x080011fc   0x000001e0   Code   RO         2217    i.HAL_I2C_Master_Receive  stm32f4xx_hal_i2c.o
    0x080013dc   0x080013dc   0x0000012c   Code   RO         2224    i.HAL_I2C_Master_Transmit  stm32f4xx_hal_i2c.o
    0x08001508   0x08001508   0x00000068   Code   RO          706    i.HAL_I2C_MspInit   stm32f4xx_hal_msp.o
    0x08001570   0x08001570   0x00000010   Code   RO         1961    i.HAL_IncTick       stm32f4xx_hal.o
    0x08001580   0x08001580   0x00000034   Code   RO         1962    i.HAL_Init          stm32f4xx_hal.o
    0x080015b4   0x080015b4   0x00000040   Code   RO         1963    i.HAL_InitTick      stm32f4xx_hal.o
    0x080015f4   0x080015f4   0x00000030   Code   RO          707    i.HAL_MspInit       stm32f4xx_hal_msp.o
    0x08001624   0x08001624   0x0000001a   Code   RO         1812    i.HAL_NVIC_EnableIRQ  stm32f4xx_hal_cortex.o
    0x0800163e   0x0800163e   0x00000002   PAD
    0x08001640   0x08001640   0x00000040   Code   RO         1818    i.HAL_NVIC_SetPriority  stm32f4xx_hal_cortex.o
    0x08001680   0x08001680   0x00000024   Code   RO         1819    i.HAL_NVIC_SetPriorityGrouping  stm32f4xx_hal_cortex.o
    0x080016a4   0x080016a4   0x00000134   Code   RO         1069    i.HAL_RCC_ClockConfig  stm32f4xx_hal_rcc.o
    0x080017d8   0x080017d8   0x00000020   Code   RO         1076    i.HAL_RCC_GetPCLK1Freq  stm32f4xx_hal_rcc.o
    0x080017f8   0x080017f8   0x00000020   Code   RO         1077    i.HAL_RCC_GetPCLK2Freq  stm32f4xx_hal_rcc.o
    0x08001818   0x08001818   0x0000004c   Code   RO         1078    i.HAL_RCC_GetSysClockFreq  stm32f4xx_hal_rcc.o
    0x08001864   0x08001864   0x0000035c   Code   RO         1081    i.HAL_RCC_OscConfig  stm32f4xx_hal_rcc.o
    0x08001bc0   0x08001bc0   0x00000080   Code   RO         2656    i.HAL_SPI_Init      stm32f4xx_hal_spi.o
    0x08001c40   0x08001c40   0x00000094   Code   RO          709    i.HAL_SPI_MspInit   stm32f4xx_hal_msp.o
    0x08001cd4   0x08001cd4   0x00000028   Code   RO         1823    i.HAL_SYSTICK_Config  stm32f4xx_hal_cortex.o
    0x08001cfc   0x08001cfc   0x00000054   Code   RO         3647    i.HAL_TIMEx_ConfigBreakDeadTime  stm32f4xx_hal_tim_ex.o
    0x08001d50   0x08001d50   0x00000090   Code   RO         3662    i.HAL_TIMEx_MasterConfigSynchronization  stm32f4xx_hal_tim_ex.o
    0x08001de0   0x08001de0   0x00000138   Code   RO          710    i.HAL_TIM_MspPostInit  stm32f4xx_hal_msp.o
    0x08001f18   0x08001f18   0x000000d0   Code   RO         3036    i.HAL_TIM_PWM_ConfigChannel  stm32f4xx_hal_tim.o
    0x08001fe8   0x08001fe8   0x00000036   Code   RO         3039    i.HAL_TIM_PWM_Init  stm32f4xx_hal_tim.o
    0x0800201e   0x0800201e   0x00000002   PAD
    0x08002020   0x08002020   0x00000088   Code   RO          712    i.HAL_TIM_PWM_MspInit  stm32f4xx_hal_msp.o
    0x080020a8   0x080020a8   0x00000044   Code   RO         3044    i.HAL_TIM_PWM_Start  stm32f4xx_hal_tim.o
    0x080020ec   0x080020ec   0x0000005c   Code   RO         3047    i.HAL_TIM_PWM_Stop  stm32f4xx_hal_tim.o
    0x08002148   0x08002148   0x00000062   Code   RO         3920    i.HAL_UART_Init     stm32f4xx_hal_uart.o
    0x080021aa   0x080021aa   0x00000002   PAD
    0x080021ac   0x080021ac   0x00000108   Code   RO          714    i.HAL_UART_MspInit  stm32f4xx_hal_msp.o
    0x080022b4   0x080022b4   0x00000002   Code   RO          615    i.HardFault_Handler  stm32f4xx_it.o
    0x080022b6   0x080022b6   0x0000002e   Code   RO         2253    i.I2C_IsAcknowledgeFailed  stm32f4xx_hal_i2c.o
    0x080022e4   0x080022e4   0x000000ec   Code   RO         2256    i.I2C_MasterRequestRead  stm32f4xx_hal_i2c.o
    0x080023d0   0x080023d0   0x0000009c   Code   RO         2257    i.I2C_MasterRequestWrite  stm32f4xx_hal_i2c.o
    0x0800246c   0x0800246c   0x0000004c   Code   RO         2267    i.I2C_WaitOnBTFFlagUntilTimeout  stm32f4xx_hal_i2c.o
    0x080024b8   0x080024b8   0x00000068   Code   RO         2268    i.I2C_WaitOnFlagUntilTimeout  stm32f4xx_hal_i2c.o
    0x08002520   0x08002520   0x00000096   Code   RO         2269    i.I2C_WaitOnMasterAddressFlagUntilTimeout  stm32f4xx_hal_i2c.o
    0x080025b6   0x080025b6   0x00000066   Code   RO         2270    i.I2C_WaitOnRXNEFlagUntilTimeout  stm32f4xx_hal_i2c.o
    0x0800261c   0x0800261c   0x0000004c   Code   RO         2271    i.I2C_WaitOnTXEFlagUntilTimeout  stm32f4xx_hal_i2c.o
    0x08002668   0x08002668   0x00000058   Code   RO          249    i.Init_LCD          display_lcd.o
    0x080026c0   0x080026c0   0x00000054   Code   RO          470    i.MX_ADC1_Init      main.o
    0x08002714   0x08002714   0x00000054   Code   RO          471    i.MX_ADC2_Init      main.o
    0x08002768   0x08002768   0x00000058   Code   RO          472    i.MX_ADC3_Init      main.o
    0x080027c0   0x080027c0   0x0000016c   Code   RO          473    i.MX_GPIO_Init      main.o
    0x0800292c   0x0800292c   0x00000034   Code   RO          474    i.MX_SPI3_Init      main.o
    0x08002960   0x08002960   0x000000b0   Code   RO          475    i.MX_TIM1_Init      main.o
    0x08002a10   0x08002a10   0x00000068   Code   RO          476    i.MX_TIM2_Init      main.o
    0x08002a78   0x08002a78   0x00000088   Code   RO          477    i.MX_TIM3_Init      main.o
    0x08002b00   0x08002b00   0x00000088   Code   RO          478    i.MX_TIM4_Init      main.o
    0x08002b88   0x08002b88   0x000000b0   Code   RO          479    i.MX_TIM8_Init      main.o
    0x08002c38   0x08002c38   0x00000002   Code   RO          616    i.MemManage_Handler  stm32f4xx_it.o
    0x08002c3a   0x08002c3a   0x00000002   Code   RO          617    i.NMI_Handler       stm32f4xx_it.o
    0x08002c3c   0x08002c3c   0x00000002   Code   RO          618    i.PendSV_Handler    stm32f4xx_it.o
    0x08002c3e   0x08002c3e   0x00000002   PAD
    0x08002c40   0x08002c40   0x00000030   Code   RO          384    i.SPI_Write_Byte    gpio_spi.o
    0x08002c70   0x08002c70   0x0000002c   Code   RO          385    i.SPI_Write_Cmd     gpio_spi.o
    0x08002c9c   0x08002c9c   0x0000002c   Code   RO          386    i.SPI_Write_Data    gpio_spi.o
    0x08002cc8   0x08002cc8   0x00000002   Code   RO          619    i.SVC_Handler       stm32f4xx_it.o
    0x08002cca   0x08002cca   0x00000002   PAD
    0x08002ccc   0x08002ccc   0x00000010   Code   RO          387    i.Set_MOSI          gpio_spi.o
    0x08002cdc   0x08002cdc   0x00000010   Code   RO          388    i.Set_Rst           gpio_spi.o
    0x08002cec   0x08002cec   0x00000010   Code   RO          389    i.Set_SCLK          gpio_spi.o
    0x08002cfc   0x08002cfc   0x00000010   Code   RO          390    i.Set_SCS           gpio_spi.o
    0x08002d0c   0x08002d0c   0x000000fc   Code   RO          480    i.StartAllChannels  main.o
    0x08002e08   0x08002e08   0x000000a0   Code   RO          481    i.StopAllChannels   main.o
    0x08002ea8   0x08002ea8   0x00000004   Code   RO          620    i.SysTick_Handler   stm32f4xx_it.o
    0x08002eac   0x08002eac   0x00000084   Code   RO          482    i.SystemClock_Config  main.o
    0x08002f30   0x08002f30   0x0000001c   Code   RO         4222    i.SystemInit        system_stm32f4xx.o
    0x08002f4c   0x08002f4c   0x000000c8   Code   RO         3057    i.TIM_Base_SetConfig  stm32f4xx_hal_tim.o
    0x08003014   0x08003014   0x0000001a   Code   RO         3058    i.TIM_CCxChannelCmd  stm32f4xx_hal_tim.o
    0x0800302e   0x0800302e   0x00000002   PAD
    0x08003030   0x08003030   0x00000060   Code   RO         3070    i.TIM_OC1_SetConfig  stm32f4xx_hal_tim.o
    0x08003090   0x08003090   0x0000006c   Code   RO         3071    i.TIM_OC2_SetConfig  stm32f4xx_hal_tim.o
    0x080030fc   0x080030fc   0x00000068   Code   RO         3072    i.TIM_OC3_SetConfig  stm32f4xx_hal_tim.o
    0x08003164   0x08003164   0x00000050   Code   RO         3073    i.TIM_OC4_SetConfig  stm32f4xx_hal_tim.o
    0x080031b4   0x080031b4   0x00000128   Code   RO         3946    i.UART_SetConfig    stm32f4xx_hal_uart.o
    0x080032dc   0x080032dc   0x0000003c   Code   RO          252    i.UpdateBuf         display_lcd.o
    0x08003318   0x08003318   0x00000002   Code   RO          621    i.UsageFault_Handler  stm32f4xx_it.o
    0x0800331a   0x0800331a   0x00000002   PAD
    0x0800331c   0x0800331c   0x00000028   Code   RO         4528    i.__0sprintf        mc_w.l(printfa.o)
    0x08003344   0x08003344   0x00000030   Code   RO         4588    i.__ARM_fpclassify  m_wm.l(fpclassify.o)
    0x08003374   0x08003374   0x00000020   Code   RO         1825    i.__NVIC_SetPriority  stm32f4xx_hal_cortex.o
    0x08003394   0x08003394   0x0000005c   Code   RO         4256    i.__hardfp_modff    m_wm.l(modff.o)
    0x080033f0   0x080033f0   0x00000c50   Code   RO         4262    i.__hardfp_pow      m_wm.l(pow.o)
    0x08004040   0x08004040   0x00000004   Code   RO         4276    i.__hardfp_powl     m_wm.l(powl.o)
    0x08004044   0x08004044   0x000000f8   Code   RO         4590    i.__kernel_poly     m_wm.l(poly.o)
    0x0800413c   0x0800413c   0x00000004   PAD
    0x08004140   0x08004140   0x00000030   Code   RO         4568    i.__mathlib_dbl_divzero  m_wm.l(dunder.o)
    0x08004170   0x08004170   0x00000014   Code   RO         4570    i.__mathlib_dbl_infnan2  m_wm.l(dunder.o)
    0x08004184   0x08004184   0x00000004   PAD
    0x08004188   0x08004188   0x00000020   Code   RO         4571    i.__mathlib_dbl_invalid  m_wm.l(dunder.o)
    0x080041a8   0x080041a8   0x00000020   Code   RO         4572    i.__mathlib_dbl_overflow  m_wm.l(dunder.o)
    0x080041c8   0x080041c8   0x00000020   Code   RO         4574    i.__mathlib_dbl_underflow  m_wm.l(dunder.o)
    0x080041e8   0x080041e8   0x0000000e   Code   RO         4660    i.__scatterload_copy  mc_w.l(handlers.o)
    0x080041f6   0x080041f6   0x00000002   Code   RO         4661    i.__scatterload_null  mc_w.l(handlers.o)
    0x080041f8   0x080041f8   0x0000000e   Code   RO         4662    i.__scatterload_zeroinit  mc_w.l(handlers.o)
    0x08004206   0x08004206   0x00000002   PAD
    0x08004208   0x08004208   0x0000000c   Code   RO         4632    i.__set_errno       mc_w.l(errno.o)
    0x08004214   0x08004214   0x00000184   Code   RO         4533    i._fp_digits        mc_w.l(printfa.o)
    0x08004398   0x08004398   0x000006dc   Code   RO         4534    i._printf_core      mc_w.l(printfa.o)
    0x08004a74   0x08004a74   0x00000024   Code   RO         4535    i._printf_post_padding  mc_w.l(printfa.o)
    0x08004a98   0x08004a98   0x0000002e   Code   RO         4536    i._printf_pre_padding  mc_w.l(printfa.o)
    0x08004ac6   0x08004ac6   0x0000000a   Code   RO         4538    i._sputc            mc_w.l(printfa.o)
    0x08004ad0   0x08004ad0   0x00000044   Code   RO          256    i.cls               display_lcd.o
    0x08004b14   0x08004b14   0x00000034   Code   RO          261    i.draw_string       display_lcd.o
    0x08004b48   0x08004b48   0x00000078   Code   RO          262    i.draw_symbol       display_lcd.o
    0x08004bc0   0x08004bc0   0x00000018   Code   RO         4584    i.fabs              m_wm.l(fabs.o)
    0x08004bd8   0x08004bd8   0x00000698   Code   RO          483    i.main              main.o
    0x08005270   0x08005270   0x00000058   Code   RO          203    i.sens_I            setting.o
    0x080052c8   0x080052c8   0x0000006c   Code   RO          204    i.sens_V            setting.o
    0x08005334   0x08005334   0x0000023c   Code   RO          205    i.sens_set          setting.o
    0x08005570   0x08005570   0x0000006e   Code   RO         4595    i.sqrt              m_wm.l(sqrt.o)
    0x080055de   0x080055de   0x00000002   PAD
    0x080055e0   0x080055e0   0x00000d80   Data   RO          265    .constdata          display_lcd.o
    0x08006360   0x08006360   0x00000010   Data   RO         4223    .constdata          system_stm32f4xx.o
    0x08006370   0x08006370   0x00000008   Data   RO         4224    .constdata          system_stm32f4xx.o
    0x08006378   0x08006378   0x00000088   Data   RO         4265    .constdata          m_wm.l(pow.o)
    0x08006400   0x08006400   0x00000008   Data   RO         4592    .constdata          m_wm.l(qnan.o)
    0x08006408   0x08006408   0x00000020   Data   RO         4658    Region$$Table       anon$$obj.o


    Execution Region RW_IRAM1 (Exec base: 0x20000000, Load base: 0x08006428, Size: 0x0000a878, Max: 0x00020000, ABSOLUTE)

    Exec Addr    Load Addr    Size         Type   Attr      Idx    E Section Name        Object

    0x20000000   0x08006428   0x00000008   Data   RW          206    .data               setting.o
    0x20000008   0x08006430   0x00000004   Data   RW          266    .data               display_lcd.o
    0x2000000c   0x08006434   0x00000021   Data   RW          485    .data               main.o
    0x2000002d   0x08006455   0x00000003   PAD
    0x20000030   0x08006458   0x0000000c   Data   RW         1969    .data               stm32f4xx_hal.o
    0x2000003c   0x08006464   0x00000004   Data   RW         4225    .data               system_stm32f4xx.o
    0x20000040   0x08006468   0x00000004   Data   RW         4633    .data               mc_w.l(errno.o)
    0x20000044        -       0x0000a000   Zero   RW          264    .bss                display_lcd.o
    0x2000a044        -       0x00000048   Zero   RW          391    .bss                gpio_spi.o
    0x2000a08c        -       0x000003ec   Zero   RW          484    .bss                main.o
    0x2000a478        -       0x00000400   Zero   RW            1    STACK               startup_stm32f407xx.o


==============================================================================

Image component sizes


      Code (inc. data)   RO Data    RW Data    ZI Data      Debug   Object Name

       422         28       3456          4      40960       5421   display_lcd.o
       228         20          0          0         72       5195   gpio_spi.o
         0          0          0          0          0     713616   ina233.o
      4000        424          0         33       1004      12953   main.o
       768         52          0          8          0       2989   setting.o
        36          8        392          0       1024        840   startup_stm32f407xx.o
       180         28          0         12          0       9433   stm32f4xx_hal.o
       712         28          0          0          0       2899   stm32f4xx_hal_adc.o
       198         14          0          0          0      33971   stm32f4xx_hal_cortex.o
       484         52          0          0          0       3702   stm32f4xx_hal_gpio.o
      2118         50          0          0          0      12558   stm32f4xx_hal_i2c.o
      1200        146          0          0          0       6075   stm32f4xx_hal_msp.o
      1308         80          0          0          0       5196   stm32f4xx_hal_rcc.o
       128          0          0          0          0       1171   stm32f4xx_hal_spi.o
      1036         98          0          0          0       8893   stm32f4xx_hal_tim.o
       228         28          0          0          0       2176   stm32f4xx_hal_tim_ex.o
       394         10          0          0          0       2064   stm32f4xx_hal_uart.o
        38          0          0          0          0       5495   stm32f4xx_it.o
        28          6         24          4          0       1143   system_stm32f4xx.o

    ----------------------------------------------------------------------
     13524       1072       3904         64      43060     835790   Object Totals
         0          0         32          0          0          0   (incl. Generated)
        18          0          0          3          0          0   (incl. Padding)

    ----------------------------------------------------------------------

      Code (inc. data)   RO Data    RW Data    ZI Data      Debug   Library Member Name

       164         44          0          0          0        620   dunder.o
        24          0          0          0          0        124   fabs.o
        48          0          0          0          0        124   fpclassify.o
        92          4          0          0          0        116   modff.o
       248          0          0          0          0        152   poly.o
      3152        296        136          0          0        352   pow.o
         4          0          0          0          0        116   powl.o
         0          0          8          0          0          0   qnan.o
       110          0          0          0          0        148   sqrt.o
         0          0          0          0          0          0   entry.o
         0          0          0          0          0          0   entry10a.o
         0          0          0          0          0          0   entry11a.o
         8          4          0          0          0          0   entry2.o
         4          0          0          0          0          0   entry5.o
         0          0          0          0          0          0   entry7b.o
         0          0          0          0          0          0   entry8b.o
         8          4          0          0          0          0   entry9a.o
        12          6          0          4          0         68   errno.o
        30          0          0          0          0          0   handlers.o
        36          8          0          0          0         68   init.o
         0          0          0          0          0          0   iusefp.o
        30          0          0          0          0         68   llshl.o
        36          0          0          0          0         68   llsshr.o
        32          0          0          0          0         68   llushr.o
        36          0          0          0          0         68   memcpya.o
        36          0          0          0          0        108   memseta.o
      2276         86          0          0          0        520   printfa.o
        14          0          0          0          0         68   strlen.o
        44          0          0          0          0         80   uidiv.o
        98          0          0          0          0         92   uldiv.o
        48          0          0          0          0         68   cdrcmple.o
        56          0          0          0          0         88   d2f.o
       334          0          0          0          0        148   dadd.o
       222          0          0          0          0        100   ddiv.o
       186          0          0          0          0        176   depilogue.o
        48          0          0          0          0         68   dfixul.o
        34          0          0          0          0         76   dflti.o
       228          0          0          0          0         96   dmul.o
        46          0          0          0          0         80   dscalb.o
       162          0          0          0          0        100   dsqrt.o
        38          0          0          0          0         68   f2d.o
       110          0          0          0          0        168   fepilogue.o

    ----------------------------------------------------------------------
      8068        452        144          4          0       4264   Library Totals
        14          0          0          0          0          0   (incl. Padding)

    ----------------------------------------------------------------------

      Code (inc. data)   RO Data    RW Data    ZI Data      Debug   Library Name

      3842        344        144          0          0       1752   m_wm.l
      2700        108          0          4          0       1276   mc_w.l
      1512          0          0          0          0       1236   mf_w.l

    ----------------------------------------------------------------------
      8068        452        144          4          0       4264   Library Totals

    ----------------------------------------------------------------------

==============================================================================


      Code (inc. data)   RO Data    RW Data    ZI Data      Debug   

     21592       1524       4048         68      43060     828158   Grand Totals
     21592       1524       4048         68      43060     828158   ELF Image Totals
     21592       1524       4048         68          0          0   ROM Totals

==============================================================================

    Total RO  Size (Code + RO Data)                25640 (  25.04kB)
    Total RW  Size (RW Data + ZI Data)             43128 (  42.12kB)
    Total ROM Size (Code + RO Data + RW Data)      25708 (  25.11kB)

==============================================================================

